Archive member included to satisfy reference by file (symbol)

/opt/st/stm32cubeide_1.18.0/plugins/com.st.stm32cube.ide.mcu.externaltools.gnu-tools-for-stm32.13.3.rel1.linux64_1.0.0.202410170706/tools/bin/../lib/gcc/arm-none-eabi/13.3.1/../../../../arm-none-eabi/lib/thumb/v7e-m+dp/hard/libc_nano.a(libc_a-abort.o)
                              ./mongoose/mongoose.o (abort)
/opt/st/stm32cubeide_1.18.0/plugins/com.st.stm32cube.ide.mcu.externaltools.gnu-tools-for-stm32.13.3.rel1.linux64_1.0.0.202410170706/tools/bin/../lib/gcc/arm-none-eabi/13.3.1/../../../../arm-none-eabi/lib/thumb/v7e-m+dp/hard/libc_nano.a(libc_a-assert.o)
                              ./mongoose/mongoose.o (__assert_func)
/opt/st/stm32cubeide_1.18.0/plugins/com.st.stm32cube.ide.mcu.externaltools.gnu-tools-for-stm32.13.3.rel1.linux64_1.0.0.202410170706/tools/bin/../lib/gcc/arm-none-eabi/13.3.1/../../../../arm-none-eabi/lib/thumb/v7e-m+dp/hard/libc_nano.a(libc_a-atoi.o)
                              ./mongoose/mongoose.o (atoi)
/opt/st/stm32cubeide_1.18.0/plugins/com.st.stm32cube.ide.mcu.externaltools.gnu-tools-for-stm32.13.3.rel1.linux64_1.0.0.202410170706/tools/bin/../lib/gcc/arm-none-eabi/13.3.1/../../../../arm-none-eabi/lib/thumb/v7e-m+dp/hard/libc_nano.a(libc_a-calloc.o)
                              ./mongoose/mongoose.o (calloc)
/opt/st/stm32cubeide_1.18.0/plugins/com.st.stm32cube.ide.mcu.externaltools.gnu-tools-for-stm32.13.3.rel1.linux64_1.0.0.202410170706/tools/bin/../lib/gcc/arm-none-eabi/13.3.1/../../../../arm-none-eabi/lib/thumb/v7e-m+dp/hard/libc_nano.a(libc_a-callocr.o)
                              /opt/st/stm32cubeide_1.18.0/plugins/com.st.stm32cube.ide.mcu.externaltools.gnu-tools-for-stm32.13.3.rel1.linux64_1.0.0.202410170706/tools/bin/../lib/gcc/arm-none-eabi/13.3.1/../../../../arm-none-eabi/lib/thumb/v7e-m+dp/hard/libc_nano.a(libc_a-calloc.o) (_calloc_r)
/opt/st/stm32cubeide_1.18.0/plugins/com.st.stm32cube.ide.mcu.externaltools.gnu-tools-for-stm32.13.3.rel1.linux64_1.0.0.202410170706/tools/bin/../lib/gcc/arm-none-eabi/13.3.1/../../../../arm-none-eabi/lib/thumb/v7e-m+dp/hard/libc_nano.a(libc_a-exit.o)
                              /opt/st/stm32cubeide_1.18.0/plugins/com.st.stm32cube.ide.mcu.externaltools.gnu-tools-for-stm32.13.3.rel1.linux64_1.0.0.202410170706/tools/bin/../lib/gcc/arm-none-eabi/13.3.1/../../../../arm-none-eabi/lib/thumb/v7e-m+dp/hard/crt0.o (exit)
/opt/st/stm32cubeide_1.18.0/plugins/com.st.stm32cube.ide.mcu.externaltools.gnu-tools-for-stm32.13.3.rel1.linux64_1.0.0.202410170706/tools/bin/../lib/gcc/arm-none-eabi/13.3.1/../../../../arm-none-eabi/lib/thumb/v7e-m+dp/hard/libc_nano.a(libc_a-malloc.o)
                              ./mongoose/mongoose.o (free)
/opt/st/stm32cubeide_1.18.0/plugins/com.st.stm32cube.ide.mcu.externaltools.gnu-tools-for-stm32.13.3.rel1.linux64_1.0.0.202410170706/tools/bin/../lib/gcc/arm-none-eabi/13.3.1/../../../../arm-none-eabi/lib/thumb/v7e-m+dp/hard/libc_nano.a(libc_a-mallocr.o)
                              /opt/st/stm32cubeide_1.18.0/plugins/com.st.stm32cube.ide.mcu.externaltools.gnu-tools-for-stm32.13.3.rel1.linux64_1.0.0.202410170706/tools/bin/../lib/gcc/arm-none-eabi/13.3.1/../../../../arm-none-eabi/lib/thumb/v7e-m+dp/hard/libc_nano.a(libc_a-callocr.o) (_malloc_r)
/opt/st/stm32cubeide_1.18.0/plugins/com.st.stm32cube.ide.mcu.externaltools.gnu-tools-for-stm32.13.3.rel1.linux64_1.0.0.202410170706/tools/bin/../lib/gcc/arm-none-eabi/13.3.1/../../../../arm-none-eabi/lib/thumb/v7e-m+dp/hard/libc_nano.a(libc_a-mlock.o)
                              /opt/st/stm32cubeide_1.18.0/plugins/com.st.stm32cube.ide.mcu.externaltools.gnu-tools-for-stm32.13.3.rel1.linux64_1.0.0.202410170706/tools/bin/../lib/gcc/arm-none-eabi/13.3.1/../../../../arm-none-eabi/lib/thumb/v7e-m+dp/hard/libc_nano.a(libc_a-mallocr.o) (__malloc_lock)
/opt/st/stm32cubeide_1.18.0/plugins/com.st.stm32cube.ide.mcu.externaltools.gnu-tools-for-stm32.13.3.rel1.linux64_1.0.0.202410170706/tools/bin/../lib/gcc/arm-none-eabi/13.3.1/../../../../arm-none-eabi/lib/thumb/v7e-m+dp/hard/libc_nano.a(libc_a-rand.o)
                              ./mongoose/mongoose.o (srand)
/opt/st/stm32cubeide_1.18.0/plugins/com.st.stm32cube.ide.mcu.externaltools.gnu-tools-for-stm32.13.3.rel1.linux64_1.0.0.202410170706/tools/bin/../lib/gcc/arm-none-eabi/13.3.1/../../../../arm-none-eabi/lib/thumb/v7e-m+dp/hard/libc_nano.a(libc_a-strtol.o)
                              /opt/st/stm32cubeide_1.18.0/plugins/com.st.stm32cube.ide.mcu.externaltools.gnu-tools-for-stm32.13.3.rel1.linux64_1.0.0.202410170706/tools/bin/../lib/gcc/arm-none-eabi/13.3.1/../../../../arm-none-eabi/lib/thumb/v7e-m+dp/hard/libc_nano.a(libc_a-atoi.o) (_strtol_r)
/opt/st/stm32cubeide_1.18.0/plugins/com.st.stm32cube.ide.mcu.externaltools.gnu-tools-for-stm32.13.3.rel1.linux64_1.0.0.202410170706/tools/bin/../lib/gcc/arm-none-eabi/13.3.1/../../../../arm-none-eabi/lib/thumb/v7e-m+dp/hard/libc_nano.a(libc_a-ctype_.o)
[...]
Memory Configuration

Name             Origin             Length             Attributes
RAM              0x20000000         0x00080000         xrw
FLASH            0x08000000         0x00200000         xr
*default*        0x00000000         0xffffffff

Linker script and memory map

LOAD /opt/st/stm32cubeide_1.18.0/plugins/com.st.stm32cube.ide.mcu.externaltools.gnu-tools-for-stm32.13.3.rel1.linux64_1.0.0.202410170706/tools/bin/../lib/gcc/arm-none-eabi/13.3.1/thumb/v7e-m+dp/hard/crti.o
LOAD /opt/st/stm32cubeide_1.18.0/plugins/com.st.stm32cube.ide.mcu.externaltools.gnu-tools-for-stm32.13.3.rel1.linux64_1.0.0.202410170706/tools/bin/../lib/gcc/arm-none-eabi/13.3.1/thumb/v7e-m+dp/hard/crtbegin.o
LOAD /opt/st/stm32cubeide_1.18.0/plugins/com.st.stm32cube.ide.mcu.externaltools.gnu-tools-for-stm32.13.3.rel1.linux64_1.0.0.202410170706/tools/bin/../lib/gcc/arm-none-eabi/13.3.1/../../../../arm-none-eabi/lib/thumb/v7e-m+dp/hard/crt0.o
LOAD ./Core/Src/main.o
LOAD ./Core/Src/stm32f7xx_hal_msp.o
LOAD ./Core/Src/stm32f7xx_it.o
LOAD ./Core/Src/syscalls.o
LOAD ./Core/Src/sysmem.o
LOAD ./Core/Src/system_stm32f7xx.o
LOAD ./Core/Startup/startup_stm32f767zitx.o
LOAD ./Drivers/STM32F7xx_HAL_Driver/Src/stm32f7xx_hal.o
LOAD ./Drivers/STM32F7xx_HAL_Driver/Src/stm32f7xx_hal_cortex.o
LOAD ./Drivers/STM32F7xx_HAL_Driver/Src/stm32f7xx_hal_dma.o
LOAD ./Drivers/STM32F7xx_HAL_Driver/Src/stm32f7xx_hal_dma_ex.o
LOAD ./Drivers/STM32F7xx_HAL_Driver/Src/stm32f7xx_hal_eth.o
LOAD ./Drivers/STM32F7xx_HAL_Driver/Src/stm32f7xx_hal_exti.o
LOAD ./Drivers/STM32F7xx_HAL_Driver/Src/stm32f7xx_hal_flash.o
LOAD ./Drivers/STM32F7xx_HAL_Driver/Src/stm32f7xx_hal_flash_ex.o
LOAD ./Drivers/STM32F7xx_HAL_Driver/Src/stm32f7xx_hal_gpio.o
LOAD ./Drivers/STM32F7xx_HAL_Driver/Src/stm32f7xx_hal_i2c.o
LOAD ./Drivers/STM32F7xx_HAL_Driver/Src/stm32f7xx_hal_i2c_ex.o
LOAD ./Drivers/STM32F7xx_HAL_Driver/Src/stm32f7xx_hal_pwr.o
LOAD ./Drivers/STM32F7xx_HAL_Driver/Src/stm32f7xx_hal_pwr_ex.o
LOAD ./Drivers/STM32F7xx_HAL_Driver/Src/stm32f7xx_hal_rcc.o
LOAD ./Drivers/STM32F7xx_HAL_Driver/Src/stm32f7xx_hal_rcc_ex.o
LOAD ./Drivers/STM32F7xx_HAL_Driver/Src/stm32f7xx_hal_rng.o
LOAD ./Drivers/STM32F7xx_HAL_Driver/Src/stm32f7xx_hal_uart.o
LOAD ./Drivers/STM32F7xx_HAL_Driver/Src/stm32f7xx_hal_uart_ex.o
LOAD ./mongoose/mongoose.o
LOAD ./mongoose/mongoose_fs.o
LOAD ./mongoose/mongoose_glue.o
LOAD ./mongoose/mongoose_impl.o
START GROUP
LOAD /opt/st/stm32cubeide_1.18.0/plugins/com.st.stm32cube.ide.mcu.externaltools.gnu-tools-for-stm32.13.3.rel1.linux64_1.0.0.202410170706/tools/bin/../lib/gcc/arm-none-eabi/13.3.1/../../../../arm-none-eabi/lib/thumb/v7e-m+dp/hard/libc_nano.a
LOAD /opt/st/stm32cubeide_1.18.0/plugins/com.st.stm32cube.ide.mcu.externaltools.gnu-tools-for-stm32.13.3.rel1.linux64_1.0.0.202410170706/tools/bin/../lib/gcc/arm-none-eabi/13.3.1/../../../../arm-none-eabi/lib/thumb/v7e-m+dp/hard/libm.a
END GROUP
START GROUP
LOAD /opt/st/stm32cubeide_1.18.0/plugins/com.st.stm32cube.ide.mcu.externaltools.gnu-tools-for-stm32.13.3.rel1.linux64_1.0.0.202410170706/tools/bin/../lib/gcc/arm-none-eabi/13.3.1/thumb/v7e-m+dp/hard/libgcc.a
LOAD /opt/st/stm32cubeide_1.18.0/plugins/com.st.stm32cube.ide.mcu.externaltools.gnu-tools-for-stm32.13.3.rel1.linux64_1.0.0.202410170706/tools/bin/../lib/gcc/arm-none-eabi/13.3.1/../../../../arm-none-eabi/lib/thumb/v7e-m+dp/hard/libc_nano.a
END GROUP
START GROUP
LOAD /opt/st/stm32cubeide_1.18.0/plugins/com.st.stm32cube.ide.mcu.externaltools.gnu-tools-for-stm32.13.3.rel1.linux64_1.0.0.202410170706/tools/bin/../lib/gcc/arm-none-eabi/13.3.1/thumb/v7e-m+dp/hard/libgcc.a
LOAD /opt/st/stm32cubeide_1.18.0/plugins/com.st.stm32cube.ide.mcu.externaltools.gnu-tools-for-stm32.13.3.rel1.linux64_1.0.0.202410170706/tools/bin/../lib/gcc/arm-none-eabi/13.3.1/../../../../arm-none-eabi/lib/thumb/v7e-m+dp/hard/libc_nano.a
LOAD /opt/st/stm32cubeide_1.18.0/plugins/com.st.stm32cube.ide.mcu.externaltools.gnu-tools-for-stm32.13.3.rel1.linux64_1.0.0.202410170706/tools/bin/../lib/gcc/arm-none-eabi/13.3.1/../../../../arm-none-eabi/lib/thumb/v7e-m+dp/hard/libnosys.a
END GROUP
START GROUP
LOAD /opt/st/stm32cubeide_1.18.0/plugins/com.st.stm32cube.ide.mcu.externaltools.gnu-tools-for-stm32.13.3.rel1.linux64_1.0.0.202410170706/tools/bin/../lib/gcc/arm-none-eabi/13.3.1/thumb/v7e-m+dp/hard/libgcc.a
LOAD /opt/st/stm32cubeide_1.18.0/plugins/com.st.stm32cube.ide.mcu.externaltools.gnu-tools-for-stm32.13.3.rel1.linux64_1.0.0.202410170706/tools/bin/../lib/gcc/arm-none-eabi/13.3.1/../../../../arm-none-eabi/lib/thumb/v7e-m+dp/hard/libc_nano.a
LOAD /opt/st/stm32cubeide_1.18.0/plugins/com.st.stm32cube.ide.mcu.externaltools.gnu-tools-for-stm32.13.3.rel1.linux64_1.0.0.202410170706/tools/bin/../lib/gcc/arm-none-eabi/13.3.1/../../../../arm-none-eabi/lib/thumb/v7e-m+dp/hard/libnosys.a
END GROUP
LOAD /opt/st/stm32cubeide_1.18.0/plugins/com.st.stm32cube.ide.mcu.externaltools.gnu-tools-for-stm32.13.3.rel1.linux64_1.0.0.202410170706/tools/bin/../lib/gcc/arm-none-eabi/13.3.1/thumb/v7e-m+dp/hard/crtend.o
LOAD /opt/st/stm32cubeide_1.18.0/plugins/com.st.stm32cube.ide.mcu.externaltools.gnu-tools-for-stm32.13.3.rel1.linux64_1.0.0.202410170706/tools/bin/../lib/gcc/arm-none-eabi/13.3.1/thumb/v7e-m+dp/hard/crtn.o
                0x20080000                        _estack = (ORIGIN (RAM) + LENGTH (RAM))
                0x00000200                        _Min_Heap_Size = 0x200
                0x00000400                        _Min_Stack_Size = 0x400

.isr_vector     0x08000000      0x1f8
                0x08000000                        . = ALIGN (0x4)
 *(.isr_vector)
 .isr_vector    0x08000000      0x1f8 ./Core/Startup/startup_stm32f767zitx.o
                0x08000000                g_pfnVectors
                0x080001f8                        . = ALIGN (0x4)

.text           0x08000200    0x1f114
                0x08000200                        . = ALIGN (0x4)
 *(.text)
 .text          0x08000200       0x40 /opt/st/stm32cubeide_1.18.0/plugins/com.st.stm32cube.ide.mcu.externaltools.gnu-tools-for-stm32.13.3.rel1.linux64_1.0.0.202410170706/tools/bin/../lib/gcc/arm-none-eabi/13.3.1/thumb/v7e-m+dp/hard/crtbegin.o
 .text          0x08000240       0x14 /opt/st/stm32cubeide_1.18.0/plugins/com.st.stm32cube.ide.mcu.externaltools.gnu-tools-for-stm32.13.3.rel1.linux64_1.0.0.202410170706/tools/bin/../lib/gcc/arm-none-eabi/13.3.1/../../../../arm-none-eabi/lib/thumb/v7e-m+dp/hard/libc_nano.a(libc_a-strcmp.o)
                0x08000240                strcmp
 *fill*         0x08000254        0xc 
 .text          0x08000260       0xa0 /opt/st/stm32cubeide_1.18.0/plugins/com.st.stm32cube.ide.mcu.externaltools.gnu-tools-for-stm32.13.3.rel1.linux64_1.0.0.202410170706/tools/bin/../lib/gcc/arm-none-eabi/13.3.1/../../../../arm-none-eabi/lib/thumb/v7e-m+dp/hard/libc_nano.a(libc_a-memchr.o)
                0x08000260                memchr
 .text          0x08000300       0x10 /opt/st/stm32cubeide_1.18.0/plugins/com.st.stm32cube.ide.mcu.externaltools.gnu-tools-for-stm32.13.3.rel1.linux64_1.0.0.202410170706/tools/bin/../lib/gcc/arm-none-eabi/13.3.1/../../../../arm-none-eabi/lib/thumb/v7e-m+dp/hard/libc_nano.a(libc_a-strlen.o)
                0x08000300                strlen
 .text          0x08000310       0x30 /opt/st/stm32cubeide_1.18.0/plugins/com.st.stm32cube.ide.mcu.externaltools.gnu-tools-for-stm32.13.3.rel1.linux64_1.0.0.202410170706/tools/bin/../lib/gcc/arm-none-eabi/13.3.1/thumb/v7e-m+dp/hard/libgcc.a(_aeabi_uldivmod.o)
                0x08000310                __aeabi_uldivmod
 .text          0x08000340      0x2f8 /opt/st/stm32cubeide_1.18.0/plugins/com.st.stm32cube.ide.mcu.externaltools.gnu-tools-for-stm32.13.3.rel1.linux64_1.0.0.202410170706/tools/bin/../lib/gcc/arm-none-eabi/13.3.1/thumb/v7e-m+dp/hard/libgcc.a(_udivmoddi4.o)
                0x08000340                __udivmoddi4
 .text          0x08000638        0x4 /opt/st/stm32cubeide_1.18.0/plugins/com.st.stm32cube.ide.mcu.externaltools.gnu-tools-for-stm32.13.3.rel1.linux64_1.0.0.202410170706/tools/bin/../lib/gcc/arm-none-eabi/13.3.1/thumb/v7e-m+dp/hard/libgcc.a(_dvmd_tls.o)
                0x08000638                __aeabi_ldiv0
                0x08000638                __aeabi_idiv0
 *(.text*)
 .text.mg_random
                0x0800063c       0x5c ./Core/Src/main.o
                0x0800063c                mg_random
 .text._write   0x08000698       0x38 ./Core/Src/main.o
                0x08000698                _write
 .text.mg_millis
                0x080006d0       0x1a ./Core/Src/main.o
                0x080006d0                mg_millis
 .text.main     0x080006ea       0x26 ./Core/Src/main.o
                0x080006ea                main
 .text.SystemClock_Config
                0x08000710       0xdc ./Core/Src/main.o
                0x08000710                SystemClock_Config
 .text.MX_ETH_Init
                0x080007ec       0x9c ./Core/Src/main.o
 .text.MX_RNG_Init
                0x08000888       0x28 ./Core/Src/main.o
 .text.MX_USART3_UART_Init
                0x080008b0       0x60 ./Core/Src/main.o
 .text.MX_GPIO_Init
                0x08000910       0xc8 ./Core/Src/main.o
 .text.Error_Handler
                0x080009d8        0xc ./Core/Src/main.o
                0x080009d8                Error_Handler
 .text.HAL_MspInit
                0x080009e4       0x48 ./Core/Src/stm32f7xx_hal_msp.o
                0x080009e4                HAL_MspInit
 .text.HAL_ETH_MspInit
                0x08000a2c      0x180 ./Core/Src/stm32f7xx_hal_msp.o
                0x08000a2c                HAL_ETH_MspInit
 .text.HAL_RNG_MspInit
                0x08000bac       0x68 ./Core/Src/stm32f7xx_hal_msp.o
                0x08000bac                HAL_RNG_MspInit
 .text.HAL_UART_MspInit
                0x08000c14       0xc0 ./Core/Src/stm32f7xx_hal_msp.o
                0x08000c14                HAL_UART_MspInit
 .text.NMI_Handler
                0x08000cd4        0x8 ./Core/Src/stm32f7xx_it.o
                0x08000cd4                NMI_Handler
 .text.HardFault_Handler
                0x08000cdc        0x8 ./Core/Src/stm32f7xx_it.o
                0x08000cdc                HardFault_Handler
 .text.MemManage_Handler
                0x08000ce4        0x8 ./Core/Src/stm32f7xx_it.o
                0x08000ce4                MemManage_Handler
 .text.BusFault_Handler
                0x08000cec        0x8 ./Core/Src/stm32f7xx_it.o
                0x08000cec                BusFault_Handler
 .text.UsageFault_Handler
                0x08000cf4        0x8 ./Core/Src/stm32f7xx_it.o
                0x08000cf4                UsageFault_Handler
 .text.SVC_Handler
                0x08000cfc        0xe ./Core/Src/stm32f7xx_it.o
                0x08000cfc                SVC_Handler
 .text.DebugMon_Handler
                0x08000d0a        0xe ./Core/Src/stm32f7xx_it.o
                0x08000d0a                DebugMon_Handler
 .text.PendSV_Handler
                0x08000d18        0xe ./Core/Src/stm32f7xx_it.o
                0x08000d18                PendSV_Handler
 .text.SysTick_Handler
                0x08000d26        0xc ./Core/Src/stm32f7xx_it.o
                0x08000d26                SysTick_Handler
 .text._getpid  0x08000d32       0x10 ./Core/Src/syscalls.o
                0x08000d32                _getpid
 .text._kill    0x08000d42       0x20 ./Core/Src/syscalls.o
                0x08000d42                _kill
 .text._exit    0x08000d62       0x16 ./Core/Src/syscalls.o
                0x08000d62                _exit
 .text._read    0x08000d78       0x3a ./Core/Src/syscalls.o
                0x08000d78                _read
 .text._close   0x08000db2       0x18 ./Core/Src/syscalls.o
                0x08000db2                _close
 .text._fstat   0x08000dca       0x20 ./Core/Src/syscalls.o
                0x08000dca                _fstat
 .text._isatty  0x08000dea       0x16 ./Core/Src/syscalls.o
                0x08000dea                _isatty
 .text._lseek   0x08000e00       0x1a ./Core/Src/syscalls.o
                0x08000e00                _lseek
 *fill*         0x08000e1a        0x2 
 .text._sbrk    0x08000e1c       0x6c ./Core/Src/sysmem.o
                0x08000e1c                _sbrk
 .text.SystemInit
                0x08000e88       0x24 ./Core/Src/system_stm32f7xx.o
                0x08000e88                SystemInit
 .text.Reset_Handler
                0x08000eac       0x50 ./Core/Startup/startup_stm32f767zitx.o
                0x08000eac                Reset_Handler
 .text.Default_Handler
                0x08000efc        0x2 ./Core/Startup/startup_stm32f767zitx.o
                0x08000efc                RTC_Alarm_IRQHandler
                0x08000efc                EXTI2_IRQHandler
                0x08000efc                TIM8_CC_IRQHandler
                0x08000efc                UART8_IRQHandler
                0x08000efc                SPI4_IRQHandler
                0x08000efc                TIM1_CC_IRQHandler
                0x08000efc                DMA2_Stream5_IRQHandler
                0x08000efc                JPEG_IRQHandler
                0x08000efc                DMA1_Stream5_IRQHandler
                0x08000efc                CAN3_RX1_IRQHandler
                0x08000efc                PVD_IRQHandler
                0x08000efc                TAMP_STAMP_IRQHandler
                0x08000efc                CAN2_RX1_IRQHandler
                0x08000efc                EXTI3_IRQHandler
                0x08000efc                TIM8_TRG_COM_TIM14_IRQHandler
                0x08000efc                DFSDM1_FLT1_IRQHandler
                0x08000efc                TIM1_UP_TIM10_IRQHandler
                0x08000efc                TIM8_UP_TIM13_IRQHandler
                0x08000efc                I2C3_ER_IRQHandler
                0x08000efc                DFSDM1_FLT2_IRQHandler
                0x08000efc                EXTI0_IRQHandler
                0x08000efc                I2C2_EV_IRQHandler
                0x08000efc                DMA1_Stream2_IRQHandler
                0x08000efc                CAN1_RX0_IRQHandler
                0x08000efc                FPU_IRQHandler
                0x08000efc                OTG_HS_WKUP_IRQHandler
                0x08000efc                CAN3_SCE_IRQHandler
                0x08000efc                LTDC_ER_IRQHandler
                0x08000efc                CAN2_SCE_IRQHandler
                0x08000efc                DMA2_Stream2_IRQHandler
                0x08000efc                SPI1_IRQHandler
                0x08000efc                TIM6_DAC_IRQHandler
                0x08000efc                TIM1_BRK_TIM9_IRQHandler
                0x08000efc                DCMI_IRQHandler
                0x08000efc                CAN2_RX0_IRQHandler
                0x08000efc                DMA2_Stream3_IRQHandler
                0x08000efc                SAI2_IRQHandler
                0x08000efc                DFSDM1_FLT3_IRQHandler
                0x08000efc                USART6_IRQHandler
                0x08000efc                CAN3_RX0_IRQHandler
                0x08000efc                USART3_IRQHandler
                0x08000efc                CAN1_RX1_IRQHandler
                0x08000efc                UART5_IRQHandler
                0x08000efc                DMA2_Stream0_IRQHandler
                0x08000efc                TIM4_IRQHandler
                0x08000efc                QUADSPI_IRQHandler
                0x08000efc                I2C1_EV_IRQHandler
                0x08000efc                DMA1_Stream6_IRQHandler
                0x08000efc                DMA1_Stream1_IRQHandler
                0x08000efc                UART4_IRQHandler
                0x08000efc                TIM3_IRQHandler
                0x08000efc                RCC_IRQHandler
                0x08000efc                TIM8_BRK_TIM12_IRQHandler
                0x08000efc                Default_Handler
                0x08000efc                CEC_IRQHandler
                0x08000efc                EXTI15_10_IRQHandler
                0x08000efc                ADC_IRQHandler
                0x08000efc                DMA1_Stream7_IRQHandler
                0x08000efc                SPI5_IRQHandler
                0x08000efc                TIM7_IRQHandler
                0x08000efc                SDMMC1_IRQHandler
                0x08000efc                CAN2_TX_IRQHandler
                0x08000efc                TIM5_IRQHandler
                0x08000efc                DMA2_Stream7_IRQHandler
                0x08000efc                I2C3_EV_IRQHandler
                0x08000efc                EXTI9_5_IRQHandler
                0x08000efc                RTC_WKUP_IRQHandler
                0x08000efc                LTDC_IRQHandler
                0x08000efc                ETH_WKUP_IRQHandler
                0x08000efc                SPDIF_RX_IRQHandler
                0x08000efc                SPI2_IRQHandler
                0x08000efc                OTG_HS_EP1_IN_IRQHandler
                0x08000efc                DMA1_Stream0_IRQHandler
                0x08000efc                CAN1_TX_IRQHandler
                0x08000efc                EXTI4_IRQHandler
                0x08000efc                RNG_IRQHandler
                0x08000efc                OTG_HS_EP1_OUT_IRQHandler
                0x08000efc                WWDG_IRQHandler
                0x08000efc                SPI6_IRQHandler
                0x08000efc                MDIOS_IRQHandler
                0x08000efc                I2C4_EV_IRQHandler
                0x08000efc                CAN3_TX_IRQHandler
                0x08000efc                TIM2_IRQHandler
                0x08000efc                OTG_FS_WKUP_IRQHandler
                0x08000efc                TIM1_TRG_COM_TIM11_IRQHandler
                0x08000efc                OTG_HS_IRQHandler
                0x08000efc                DMA2D_IRQHandler
                0x08000efc                EXTI1_IRQHandler
                0x08000efc                SDMMC2_IRQHandler
                0x08000efc                UART7_IRQHandler
                0x08000efc                USART2_IRQHandler
                0x08000efc                DFSDM1_FLT0_IRQHandler
                0x08000efc                I2C2_ER_IRQHandler
                0x08000efc                DMA2_Stream1_IRQHandler
                0x08000efc                CAN1_SCE_IRQHandler
                0x08000efc                FLASH_IRQHandler
                0x08000efc                DMA2_Stream4_IRQHandler
                0x08000efc                USART1_IRQHandler
                0x08000efc                OTG_FS_IRQHandler
                0x08000efc                SPI3_IRQHandler
                0x08000efc                DMA1_Stream4_IRQHandler
                0x08000efc                I2C1_ER_IRQHandler
                0x08000efc                FMC_IRQHandler
                0x08000efc                LPTIM1_IRQHandler
                0x08000efc                I2C4_ER_IRQHandler
                0x08000efc                DMA2_Stream6_IRQHandler
                0x08000efc                SAI1_IRQHandler
                0x08000efc                DMA1_Stream3_IRQHandler
 .text.HAL_Init
                0x08000efe       0x1a ./Drivers/STM32F7xx_HAL_Driver/Src/stm32f7xx_hal.o
                0x08000efe                HAL_Init
 .text.HAL_InitTick
                0x08000f18       0x60 ./Drivers/STM32F7xx_HAL_Driver/Src/stm32f7xx_hal.o
                0x08000f18                HAL_InitTick
 .text.HAL_IncTick
                0x08000f78       0x28 ./Drivers/STM32F7xx_HAL_Driver/Src/stm32f7xx_hal.o
                0x08000f78                HAL_IncTick
 .text.HAL_GetTick
                0x08000fa0       0x18 ./Drivers/STM32F7xx_HAL_Driver/Src/stm32f7xx_hal.o
                0x08000fa0                HAL_GetTick
 .text.HAL_Delay
                0x08000fb8       0x48 ./Drivers/STM32F7xx_HAL_Driver/Src/stm32f7xx_hal.o
                0x08000fb8                HAL_Delay
 .text.__NVIC_SetPriorityGrouping
                0x08001000       0x48 ./Drivers/STM32F7xx_HAL_Driver/Src/stm32f7xx_hal_cortex.o
 .text.__NVIC_GetPriorityGrouping
                0x08001048       0x1c ./Drivers/STM32F7xx_HAL_Driver/Src/stm32f7xx_hal_cortex.o
 .text.__NVIC_EnableIRQ
                0x08001064       0x3c ./Drivers/STM32F7xx_HAL_Driver/Src/stm32f7xx_hal_cortex.o
 .text.__NVIC_SetPriority
                0x080010a0       0x54 ./Drivers/STM32F7xx_HAL_Driver/Src/stm32f7xx_hal_cortex.o
 .text.NVIC_EncodePriority
                0x080010f4       0x66 ./Drivers/STM32F7xx_HAL_Driver/Src/stm32f7xx_hal_cortex.o
 *fill*         0x0800115a        0x2 
 .text.SysTick_Config
                0x0800115c       0x44 ./Drivers/STM32F7xx_HAL_Driver/Src/stm32f7xx_hal_cortex.o
 .text.HAL_NVIC_SetPriorityGrouping
                0x080011a0       0x16 ./Drivers/STM32F7xx_HAL_Driver/Src/stm32f7xx_hal_cortex.o
                0x080011a0                HAL_NVIC_SetPriorityGrouping
 .text.HAL_NVIC_SetPriority
                0x080011b6       0x38 ./Drivers/STM32F7xx_HAL_Driver/Src/stm32f7xx_hal_cortex.o
                0x080011b6                HAL_NVIC_SetPriority
 .text.HAL_NVIC_EnableIRQ
                0x080011ee       0x1c ./Drivers/STM32F7xx_HAL_Driver/Src/stm32f7xx_hal_cortex.o
                0x080011ee                HAL_NVIC_EnableIRQ
 .text.HAL_SYSTICK_Config
                0x0800120a       0x18 ./Drivers/STM32F7xx_HAL_Driver/Src/stm32f7xx_hal_cortex.o
                0x0800120a                HAL_SYSTICK_Config
 *fill*         0x08001222        0x2 
 .text.HAL_ETH_Init
                0x08001224      0x134 ./Drivers/STM32F7xx_HAL_Driver/Src/stm32f7xx_hal_eth.o
                0x08001224                HAL_ETH_Init
 .text.ETH_SetMACConfig
                0x08001358      0x168 ./Drivers/STM32F7xx_HAL_Driver/Src/stm32f7xx_hal_eth.o
 .text.ETH_SetDMAConfig
                0x080014c0      0x114 ./Drivers/STM32F7xx_HAL_Driver/Src/stm32f7xx_hal_eth.o
 .text.ETH_MACDMAConfig
                0x080015d4       0xea ./Drivers/STM32F7xx_HAL_Driver/Src/stm32f7xx_hal_eth.o
 *fill*         0x080016be        0x2 
 .text.ETH_MACAddressConfig
                0x080016c0       0x70 ./Drivers/STM32F7xx_HAL_Driver/Src/stm32f7xx_hal_eth.o
 .text.ETH_DMATxDescListInit
                0x08001730       0xb2 ./Drivers/STM32F7xx_HAL_Driver/Src/stm32f7xx_hal_eth.o
 .text.ETH_DMARxDescListInit
                0x080017e2       0xde ./Drivers/STM32F7xx_HAL_Driver/Src/stm32f7xx_hal_eth.o
 .text.HAL_GPIO_Init
                0x080018c0      0x358 ./Drivers/STM32F7xx_HAL_Driver/Src/stm32f7xx_hal_gpio.o
                0x080018c0                HAL_GPIO_Init
 .text.HAL_GPIO_WritePin
                0x08001c18       0x32 ./Drivers/STM32F7xx_HAL_Driver/Src/stm32f7xx_hal_gpio.o
                0x08001c18                HAL_GPIO_WritePin
 *fill*         0x08001c4a        0x2 
 .text.HAL_PWREx_EnableOverDrive
                0x08001c4c       0xa0 ./Drivers/STM32F7xx_HAL_Driver/Src/stm32f7xx_hal_pwr_ex.o
                0x08001c4c                HAL_PWREx_EnableOverDrive
 .text.HAL_RCC_OscConfig
                0x08001cec      0x55c ./Drivers/STM32F7xx_HAL_Driver/Src/stm32f7xx_hal_rcc.o
                0x08001cec                HAL_RCC_OscConfig
 .text.HAL_RCC_ClockConfig
                0x08002248      0x1d8 ./Drivers/STM32F7xx_HAL_Driver/Src/stm32f7xx_hal_rcc.o
                0x08002248                HAL_RCC_ClockConfig
 .text.HAL_RCC_GetSysClockFreq
                0x08002420      0x18c ./Drivers/STM32F7xx_HAL_Driver/Src/stm32f7xx_hal_rcc.o
                0x08002420                HAL_RCC_GetSysClockFreq
 .text.HAL_RCC_GetHCLKFreq
                0x080025ac       0x18 ./Drivers/STM32F7xx_HAL_Driver/Src/stm32f7xx_hal_rcc.o
                0x080025ac                HAL_RCC_GetHCLKFreq
 .text.HAL_RCC_GetPCLK1Freq
                0x080025c4       0x28 ./Drivers/STM32F7xx_HAL_Driver/Src/stm32f7xx_hal_rcc.o
                0x080025c4                HAL_RCC_GetPCLK1Freq
 .text.HAL_RCC_GetPCLK2Freq
                0x080025ec       0x28 ./Drivers/STM32F7xx_HAL_Driver/Src/stm32f7xx_hal_rcc.o
                0x080025ec                HAL_RCC_GetPCLK2Freq
 .text.HAL_RCCEx_PeriphCLKConfig
                0x08002614      0x850 ./Drivers/STM32F7xx_HAL_Driver/Src/stm32f7xx_hal_rcc_ex.o
                0x08002614                HAL_RCCEx_PeriphCLKConfig
 .text.HAL_RNG_Init
                0x08002e64       0x54 ./Drivers/STM32F7xx_HAL_Driver/Src/stm32f7xx_hal_rng.o
                0x08002e64                HAL_RNG_Init
 .text.HAL_RNG_GenerateRandomNumber
                0x08002eb8       0xac ./Drivers/STM32F7xx_HAL_Driver/Src/stm32f7xx_hal_rng.o
                0x08002eb8                HAL_RNG_GenerateRandomNumber
 .text.HAL_UART_Init
                0x08002f64       0x9c ./Drivers/STM32F7xx_HAL_Driver/Src/stm32f7xx_hal_uart.o
                0x08002f64                HAL_UART_Init
 .text.HAL_UART_Transmit
                0x08003000      0x112 ./Drivers/STM32F7xx_HAL_Driver/Src/stm32f7xx_hal_uart.o
                0x08003000                HAL_UART_Transmit
 *fill*         0x08003112        0x2 
 .text.UART_SetConfig
                0x08003114      0x4c8 ./Drivers/STM32F7xx_HAL_Driver/Src/stm32f7xx_hal_uart.o
                0x08003114                UART_SetConfig
 .text.UART_AdvFeatureConfig
                0x080035dc      0x144 ./Drivers/STM32F7xx_HAL_Driver/Src/stm32f7xx_hal_uart.o
                0x080035dc                UART_AdvFeatureConfig
 .text.UART_CheckIdleState
                0x08003720      0x150 ./Drivers/STM32F7xx_HAL_Driver/Src/stm32f7xx_hal_uart.o
                0x08003720                UART_CheckIdleState
 .text.UART_WaitOnFlagUntilTimeout
                0x08003870       0xda ./Drivers/STM32F7xx_HAL_Driver/Src/stm32f7xx_hal_uart.o
                0x08003870                UART_WaitOnFlagUntilTimeout
 .text.UART_EndRxTransfer
                0x0800394a       0xc8 ./Drivers/STM32F7xx_HAL_Driver/Src/stm32f7xx_hal_uart.o
 .text.mg_base64_encode_single
                0x08003a12       0x44 ./mongoose/mongoose.o
 .text.mg_base64_decode_single
                0x08003a56       0x6c ./mongoose/mongoose.o
 *fill*         0x08003ac2        0x2 
 .text.mg_base64_update
                0x08003ac4       0xfc ./mongoose/mongoose.o
                0x08003ac4                mg_base64_update
 .text.mg_base64_final
                0x08003bc0       0x62 ./mongoose/mongoose.o
                0x08003bc0                mg_base64_final
 *fill*         0x08003c22        0x2 
 .text.mg_base64_encode
                0x08003c24       0x94 ./mongoose/mongoose.o
                0x08003c24                mg_base64_encode
 .text.mg_base64_decode
                0x08003cb8      0x144 ./mongoose/mongoose.o
                0x08003cb8                mg_base64_decode
 .text.mg_dns_free
                0x08003dfc       0x36 ./mongoose/mongoose.o
 .text.mg_resolve_cancel
                0x08003e32       0x44 ./mongoose/mongoose.o
                0x08003e32                mg_resolve_cancel
 .text.mg_call  0x08003e76       0x40 ./mongoose/mongoose.o
                0x08003e76                mg_call
 *fill*         0x08003eb6        0x2 
 .text.mg_error
                0x08003eb8       0x84 ./mongoose/mongoose.o
                0x08003eb8                mg_error
 .text.is_digit
                0x08003f3c       0x2c ./mongoose/mongoose.o
 .text.addexp   0x08003f68      0x104 ./mongoose/mongoose.o
 .text.xisinf   0x0800406c       0x50 ./mongoose/mongoose.o
 .text.xisnan   0x080040bc       0x58 ./mongoose/mongoose.o
 *fill*         0x08004114        0x4 
 .text.mg_dtoa  0x08004118      0x56c ./mongoose/mongoose.o
 .text.mg_lld   0x08004684      0x160 ./mongoose/mongoose.o
 .text.scpy     0x080047e4       0x46 ./mongoose/mongoose.o
 .text.mg_xprintf
                0x0800482a       0x36 ./mongoose/mongoose.o
                0x0800482a                mg_xprintf
 .text.mg_vxprintf
                0x08004860      0x748 ./mongoose/mongoose.o
                0x08004860                mg_vxprintf
 .text.mg_fs_open
                0x08004fa8       0x50 ./mongoose/mongoose.o
                0x08004fa8                mg_fs_open
 .text.mg_fs_close
                0x08004ff8       0x2a ./mongoose/mongoose.o
                0x08004ff8                mg_fs_close
 .text.is_dir_prefix
                0x08005022       0x58 ./mongoose/mongoose.o
 .text.packed_stat
                0x0800507a       0x60 ./mongoose/mongoose.o
 *fill*         0x080050da        0x2 
 .text.packed_list
                0x080050dc       0xfc ./mongoose/mongoose.o
 .text.packed_open
                0x080051d8       0x62 ./mongoose/mongoose.o
 .text.packed_close
                0x0800523a       0x1c ./mongoose/mongoose.o
 .text.packed_read
                0x08005256       0x56 ./mongoose/mongoose.o
 .text.packed_write
                0x080052ac       0x1a ./mongoose/mongoose.o
 .text.packed_seek
                0x080052c6       0x38 ./mongoose/mongoose.o
 .text.packed_rename
                0x080052fe       0x18 ./mongoose/mongoose.o
 .text.packed_remove
                0x08005316       0x16 ./mongoose/mongoose.o
 .text.packed_mkdir
                0x0800532c       0x16 ./mongoose/mongoose.o
 .text.p_stat   0x08005342       0x1a ./mongoose/mongoose.o
 .text.p_list   0x0800535c       0x18 ./mongoose/mongoose.o
 .text.p_open   0x08005374       0x18 ./mongoose/mongoose.o
 .text.p_close  0x0800538c       0x14 ./mongoose/mongoose.o
 .text.p_read   0x080053a0       0x1a ./mongoose/mongoose.o
 .text.p_write  0x080053ba       0x1a ./mongoose/mongoose.o
 .text.p_seek   0x080053d4       0x1a ./mongoose/mongoose.o
 .text.p_rename
                0x080053ee       0x18 ./mongoose/mongoose.o
 .text.p_remove
                0x08005406       0x16 ./mongoose/mongoose.o
 .text.p_mkdir  0x0800541c       0x16 ./mongoose/mongoose.o
 .text.mg_ncasecmp
                0x08005432       0x80 ./mongoose/mongoose.o
 *fill*         0x080054b2        0x2 
 .text.mg_to_size_t
                0x080054b4      0x12c ./mongoose/mongoose.o
                0x080054b4                mg_to_size_t
 .text.mg_http_var
                0x080055e0       0xa0 ./mongoose/mongoose.o
                0x080055e0                mg_http_var
 .text.mg_http_get_var
                0x08005680       0xa6 ./mongoose/mongoose.o
                0x08005680                mg_http_get_var
 .text.isx      0x08005726       0x44 ./mongoose/mongoose.o
 .text.mg_url_decode
                0x0800576a      0x110 ./mongoose/mongoose.o
                0x0800576a                mg_url_decode
 .text.isok     0x0800587a       0x3a ./mongoose/mongoose.o
 .text.mg_http_get_request_len
                0x080058b4       0x9c ./mongoose/mongoose.o
                0x080058b4                mg_http_get_request_len
 .text.mg_http_get_header
                0x08005950       0x80 ./mongoose/mongoose.o
                0x08005950                mg_http_get_header
 .text.vcb      0x080059d0       0x26 ./mongoose/mongoose.o
 .text.clen     0x080059f6       0xde ./mongoose/mongoose.o
 .text.skiptorn
                0x08005ad4       0x96 ./mongoose/mongoose.o
 .text.mg_http_parse_headers
                0x08005b6a      0x15e ./mongoose/mongoose.o
 .text.mg_http_parse
                0x08005cc8      0x37c ./mongoose/mongoose.o
                0x08005cc8                mg_http_parse
 .text.mg_http_status_code_str
                0x08006044      0x9f8 ./mongoose/mongoose.o
 .text.mg_http_reply
                0x08006a3c       0xb0 ./mongoose/mongoose.o
                0x08006a3c                mg_http_reply
 .text.restore_http_cb
                0x08006aec       0x40 ./mongoose/mongoose.o
 .text.mg_http_etag
                0x08006b2c       0x38 ./mongoose/mongoose.o
                0x08006b2c                mg_http_etag
 .text.static_cb
                0x08006b64       0xc4 ./mongoose/mongoose.o
 .text.guess_content_type
                0x08006c28      0x13c ./mongoose/mongoose.o
 .text.getrange
                0x08006d64       0xe8 ./mongoose/mongoose.o
 .text.mg_http_serve_file
                0x08006e4c      0x5a4 ./mongoose/mongoose.o
                0x08006e4c                mg_http_serve_file
 .text.uri_to_path2
                0x080073f0      0x2dc ./mongoose/mongoose.o
 .text.uri_to_path
                0x080076cc      0x194 ./mongoose/mongoose.o
 .text.mg_http_serve_dir
                0x08007860       0xc8 ./mongoose/mongoose.o
                0x08007860                mg_http_serve_dir
 .text.mg_http_status
                0x08007928       0x1c ./mongoose/mongoose.o
                0x08007928                mg_http_status
 .text.is_hex_digit
                0x08007944       0x44 ./mongoose/mongoose.o
 .text.skip_chunk
                0x08007988      0x11e ./mongoose/mongoose.o
 *fill*         0x08007aa6        0x2 
 .text.http_cb  0x08007aa8      0x740 ./mongoose/mongoose.o
 .text.mg_http_listen
                0x080081e8       0x38 ./mongoose/mongoose.o
                0x080081e8                mg_http_listen
 .text.roundup  0x08008220       0x34 ./mongoose/mongoose.o
 .text.mg_iobuf_resize
                0x08008254      0x118 ./mongoose/mongoose.o
                0x08008254                mg_iobuf_resize
 .text.mg_iobuf_add
                0x0800836c       0xa4 ./mongoose/mongoose.o
                0x0800836c                mg_iobuf_add
 .text.mg_iobuf_del
                0x08008410       0x96 ./mongoose/mongoose.o
                0x08008410                mg_iobuf_del
 .text.mg_iobuf_free
                0x080084a6       0x18 ./mongoose/mongoose.o
                0x080084a6                mg_iobuf_free
 *fill*         0x080084be        0x2 
 .text.escapeseq
                0x080084c0       0x28 ./mongoose/mongoose.o
 .text.json_esc
                0x080084e8       0x60 ./mongoose/mongoose.o
 .text.mg_pass_string
                0x08008548       0x82 ./mongoose/mongoose.o
 *fill*         0x080085ca        0x6 
 .text.mg_atod  0x080085d0      0x2a0 ./mongoose/mongoose.o
 .text.mg_json_get
                0x08008870      0x674 ./mongoose/mongoose.o
                0x08008870                mg_json_get
 .text.mg_json_get_tok
                0x08008ee4       0x4a ./mongoose/mongoose.o
                0x08008ee4                mg_json_get_tok
 .text.mg_json_get_num
                0x08008f2e       0x8a ./mongoose/mongoose.o
                0x08008f2e                mg_json_get_num
 .text.mg_json_get_bool
                0x08008fb8       0x78 ./mongoose/mongoose.o
                0x08008fb8                mg_json_get_bool
 .text.mg_json_unescape
                0x08009030      0x11c ./mongoose/mongoose.o
                0x08009030                mg_json_unescape
 .text.logc     0x0800914c       0x28 ./mongoose/mongoose.o
 .text.logs     0x08009174       0x36 ./mongoose/mongoose.o
 *fill*         0x080091aa        0x2 
 .text.mg_log_prefix
                0x080091ac       0xa0 ./mongoose/mongoose.o
                0x080091ac                mg_log_prefix
 .text.mg_log   0x0800924c       0x40 ./mongoose/mongoose.o
                0x0800924c                mg_log
 .text.nibble   0x0800928c       0x2c ./mongoose/mongoose.o
 .text.mg_hexdump
                0x080092b8      0x168 ./mongoose/mongoose.o
                0x080092b8                mg_hexdump
 .text.mg_vprintf
                0x08009420       0x38 ./mongoose/mongoose.o
                0x08009420                mg_vprintf
 .text.mg_printf
                0x08009458       0x34 ./mongoose/mongoose.o
                0x08009458                mg_printf
 .text.mg_alloc_conn
                0x0800948c       0x5a ./mongoose/mongoose.o
                0x0800948c                mg_alloc_conn
 *fill*         0x080094e6        0x2 
 .text.mg_close_conn
                0x080094e8       0xd0 ./mongoose/mongoose.o
                0x080094e8                mg_close_conn
 .text.mg_listen
                0x080095b8      0x144 ./mongoose/mongoose.o
                0x080095b8                mg_listen
 .text.mg_mgr_init
                0x080096fc      0x118 ./mongoose/mongoose.o
                0x080096fc                mg_mgr_init
 .text.mg_tcpip_call
                0x08009814       0x28 ./mongoose/mongoose.o
 .text.mkpay    0x0800983c       0x3c ./mongoose/mongoose.o
 .text.csumup   0x08009878       0x56 ./mongoose/mongoose.o
 .text.csumfin  0x080098ce       0x36 ./mongoose/mongoose.o
 .text.ipcsum   0x08009904       0x26 ./mongoose/mongoose.o
 *fill*         0x0800992a        0x2 
 .text.settmout
                0x0800992c       0xb8 ./mongoose/mongoose.o
 .text.ether_output
                0x080099e4       0x38 ./mongoose/mongoose.o
 .text.mg_tcpip_arp_request
                0x08009a1c       0xd0 ./mongoose/mongoose.o
                0x08009a1c                mg_tcpip_arp_request
 .text.onstatechange
                0x08009aec      0x154 ./mongoose/mongoose.o
 .text.tx_ip    0x08009c40       0xae ./mongoose/mongoose.o
 .text.tx_udp   0x08009cee       0xd2 ./mongoose/mongoose.o
 .text.tx_dhcp  0x08009dc0      0x120 ./mongoose/mongoose.o
 .text.tx_dhcp_request_sel
                0x08009ee0      0x1b0 ./mongoose/mongoose.o
 .text.tx_dhcp_request_re
                0x0800a090       0x64 ./mongoose/mongoose.o
 .text.tx_dhcp_discover
                0x0800a0f4       0x78 ./mongoose/mongoose.o
 .text.getpeer  0x0800a16c       0xe2 ./mongoose/mongoose.o
 *fill*         0x0800a24e        0x2 
 .text.rx_arp   0x0800a250      0x224 ./mongoose/mongoose.o
 .text.rx_icmp  0x0800a474       0xb8 ./mongoose/mongoose.o
 .text.rx_dhcp_client
                0x0800a52c      0x3d0 ./mongoose/mongoose.o
 .text.rx_dhcp_server
                0x0800a8fc      0x3dc ./mongoose/mongoose.o
 .text.rx_udp   0x0800acd8       0xe4 ./mongoose/mongoose.o
 .text.tx_tcp   0x0800adbc      0x198 ./mongoose/mongoose.o
 .text.tx_tcp_pkt
                0x0800af54       0x8c ./mongoose/mongoose.o
 .text.accept_conn
                0x0800afe0      0x170 ./mongoose/mongoose.o
 .text.trim_len
                0x0800b150      0x11c ./mongoose/mongoose.o
 .text.mg_io_send
                0x0800b26c       0xee ./mongoose/mongoose.o
                0x0800b26c                mg_io_send
 *fill*         0x0800b35a        0x2 
 .text.handle_tls_recv
                0x0800b35c       0xc4 ./mongoose/mongoose.o
 .text.read_conn
                0x0800b420      0x428 ./mongoose/mongoose.o
 .text.rx_tcp   0x0800b848      0x260 ./mongoose/mongoose.o
 .text.rx_ip    0x0800baa8      0x2dc ./mongoose/mongoose.o
 .text.rx_ip6   0x0800bd84       0x84 ./mongoose/mongoose.o
 .text.mg_tcpip_rx
                0x0800be08      0x228 ./mongoose/mongoose.o
 .text.mg_tcpip_poll
                0x0800c030      0x4b4 ./mongoose/mongoose.o
 .text.mg_tcpip_qwrite
                0x0800c4e4       0x5a ./mongoose/mongoose.o
                0x0800c4e4                mg_tcpip_qwrite
 *fill*         0x0800c53e        0x2 
 .text.mg_tcpip_init
                0x0800c540      0x1d8 ./mongoose/mongoose.o
                0x0800c540                mg_tcpip_init
 .text.send_syn
                0x0800c718       0x66 ./mongoose/mongoose.o
 .text.mac_resolved
                0x0800c77e       0x48 ./mongoose/mongoose.o
 .text.mg_open_listener
                0x0800c7c6       0x2a ./mongoose/mongoose.o
                0x0800c7c6                mg_open_listener
 .text.write_conn
                0x0800c7f0       0x80 ./mongoose/mongoose.o
 .text.init_closure
                0x0800c870       0xa8 ./mongoose/mongoose.o
 .text.close_conn
                0x0800c918       0x26 ./mongoose/mongoose.o
 .text.can_write
                0x0800c93e       0x68 ./mongoose/mongoose.o
 *fill*         0x0800c9a6        0x2 
 .text.mg_mgr_poll
                0x0800c9a8      0x200 ./mongoose/mongoose.o
                0x0800c9a8                mg_mgr_poll
 .text.mg_send  0x0800cba8      0x118 ./mongoose/mongoose.o
                0x0800cba8                mg_send
 .text.mg_pfn_iobuf_private
                0x0800ccc0       0x90 ./mongoose/mongoose.o
 .text.mg_putchar_iobuf_static
                0x0800cd50       0x20 ./mongoose/mongoose.o
 .text.mg_pfn_iobuf
                0x0800cd70       0x20 ./mongoose/mongoose.o
                0x0800cd70                mg_pfn_iobuf
 .text.mg_vsnprintf
                0x0800cd90       0x50 ./mongoose/mongoose.o
                0x0800cd90                mg_vsnprintf
 .text.mg_snprintf
                0x0800cde0       0x32 ./mongoose/mongoose.o
                0x0800cde0                mg_snprintf
 *fill*         0x0800ce12        0x2 
 .text.mg_vmprintf
                0x0800ce14       0x38 ./mongoose/mongoose.o
                0x0800ce14                mg_vmprintf
 .text.mg_mprintf
                0x0800ce4c       0x2a ./mongoose/mongoose.o
                0x0800ce4c                mg_mprintf
 .text.mg_pfn_stdout
                0x0800ce76       0x1c ./mongoose/mongoose.o
                0x0800ce76                mg_pfn_stdout
 *fill*         0x0800ce92        0x2 
 .text.print_ip4
                0x0800ce94       0x48 ./mongoose/mongoose.o
 .text.print_ip6
                0x0800cedc       0xbc ./mongoose/mongoose.o
 .text.mg_print_ip4
                0x0800cf98       0x2e ./mongoose/mongoose.o
                0x0800cf98                mg_print_ip4
 .text.mg_print_ip
                0x0800cfc6       0x48 ./mongoose/mongoose.o
                0x0800cfc6                mg_print_ip
 *fill*         0x0800d00e        0x2 
 .text.mg_print_ip_port
                0x0800d010       0x4c ./mongoose/mongoose.o
                0x0800d010                mg_print_ip_port
 .text.mg_print_mac
                0x0800d05c       0x6c ./mongoose/mongoose.o
                0x0800d05c                mg_print_mac
 .text.mg_esc   0x0800d0c8       0x7c ./mongoose/mongoose.o
 .text.mg_escape
                0x0800d144       0x1a ./mongoose/mongoose.o
 .text.qcpy     0x0800d15e       0x86 ./mongoose/mongoose.o
 .text.mg_print_hex
                0x0800d1e4       0x88 ./mongoose/mongoose.o
                0x0800d1e4                mg_print_hex
 .text.mg_print_esc
                0x0800d26c       0x58 ./mongoose/mongoose.o
                0x0800d26c                mg_print_esc
 .text.mg_queue_read_len
                0x0800d2c4       0x54 ./mongoose/mongoose.o
 .text.mg_queue_write_len
                0x0800d318       0x2c ./mongoose/mongoose.o
 .text.mg_queue_book
                0x0800d344       0xae ./mongoose/mongoose.o
                0x0800d344                mg_queue_book
 *fill*         0x0800d3f2        0x2 
 .text.mg_queue_next
                0x0800d3f4       0x8c ./mongoose/mongoose.o
                0x0800d3f4                mg_queue_next
 .text.mg_queue_add
                0x0800d480       0x70 ./mongoose/mongoose.o
                0x0800d480                mg_queue_add
 .text.mg_queue_del
                0x0800d4f0       0x48 ./mongoose/mongoose.o
                0x0800d4f0                mg_queue_del
 .text.blk0     0x0800d538       0x58 ./mongoose/mongoose.o
 .text.mg_sha1_transform
                0x0800d590     0x143c ./mongoose/mongoose.o
 .text.mg_sha1_init
                0x0800e9cc       0x54 ./mongoose/mongoose.o
                0x0800e9cc                mg_sha1_init
 .text.mg_sha1_update
                0x0800ea20       0xcc ./mongoose/mongoose.o
                0x0800ea20                mg_sha1_update
 .text.mg_sha1_final
                0x0800eaec       0xe4 ./mongoose/mongoose.o
                0x0800eaec                mg_sha1_final
 .text.mg_sha256_init
                0x0800ebd0       0x78 ./mongoose/mongoose.o
                0x0800ebd0                mg_sha256_init
 .text.mg_sha256_chunk
                0x0800ec48      0x410 ./mongoose/mongoose.o
 .text.mg_sha256_update
                0x0800f058       0x72 ./mongoose/mongoose.o
                0x0800f058                mg_sha256_update
 .text.mg_sha256_final
                0x0800f0ca      0x270 ./mongoose/mongoose.o
                0x0800f0ca                mg_sha256_final
 .text.mg_sha256
                0x0800f33a       0x38 ./mongoose/mongoose.o
                0x0800f33a                mg_sha256
 .text.mg_hmac_sha256
                0x0800f372      0x1ce ./mongoose/mongoose.o
                0x0800f372                mg_hmac_sha256
 .text.mg_sha384_transform
                0x0800f540      0xa44 ./mongoose/mongoose.o
 *fill*         0x0800ff84        0x4 
 .text.mg_sha384_init
                0x0800ff88       0xd8 ./mongoose/mongoose.o
                0x0800ff88                mg_sha384_init
 .text.mg_sha384_update
                0x08010060       0xaa ./mongoose/mongoose.o
                0x08010060                mg_sha384_update
 .text.mg_sha384_final
                0x0801010a      0x3dc ./mongoose/mongoose.o
                0x0801010a                mg_sha384_final
 .text.mg_sha384
                0x080104e6       0x38 ./mongoose/mongoose.o
                0x080104e6                mg_sha384
 *fill*         0x0801051e        0x2 
 .text.mg_http_serve_ssi
                0x08010520       0x28 ./mongoose/mongoose.o
                0x08010520                mg_http_serve_ssi
 .text.mg_str_s
                0x08010548       0x3a ./mongoose/mongoose.o
                0x08010548                mg_str_s
 .text.mg_str_n
                0x08010582       0x30 ./mongoose/mongoose.o
                0x08010582                mg_str_n
 .text.mg_tolc  0x080105b2       0x2a ./mongoose/mongoose.o
 .text.mg_strdup
                0x080105dc       0x6e ./mongoose/mongoose.o
                0x080105dc                mg_strdup
 .text.mg_strcmp
                0x0801064a       0x84 ./mongoose/mongoose.o
                0x0801064a                mg_strcmp
 .text.mg_strcasecmp
                0x080106ce       0x8e ./mongoose/mongoose.o
                0x080106ce                mg_strcasecmp
 .text.mg_match
                0x0801075c      0x1e8 ./mongoose/mongoose.o
                0x0801075c                mg_match
 .text.mg_span  0x08010944       0xba ./mongoose/mongoose.o
                0x08010944                mg_span
 .text.mg_str_to_num
                0x080109fe      0x466 ./mongoose/mongoose.o
                0x080109fe                mg_str_to_num
 .text.mg_timer_free
                0x08010e64       0x42 ./mongoose/mongoose.o
                0x08010e64                mg_timer_free
 .text.mg_timer_expired
                0x08010ea6       0xc8 ./mongoose/mongoose.o
                0x08010ea6                mg_timer_expired
 .text.mg_timer_poll
                0x08010f6e       0xf4 ./mongoose/mongoose.o
                0x08010f6e                mg_timer_poll
 *fill*         0x08011062        0x2 
 .text.mg_tls_hexdump
                0x08011064       0x50 ./mongoose/mongoose.o
 .text.mg_der_parse
                0x080110b4       0xc0 ./mongoose/mongoose.o
 .text.mg_der_next
                0x08011174       0x56 ./mongoose/mongoose.o
 .text.mg_der_find_oid
                0x080111ca       0xa0 ./mongoose/mongoose.o
 .text.mg_der_to_tlv
                0x0801126a       0xa8 ./mongoose/mongoose.o
 .text.mg_tls_got_record
                0x08011312       0x50 ./mongoose/mongoose.o
 .text.mg_tls_drop_record
                0x08011362       0x44 ./mongoose/mongoose.o
 *fill*         0x080113a6        0x2 
 .text.mg_tls_drop_message
                0x080113a8       0x98 ./mongoose/mongoose.o
 .text.mg_tls_derive_secret
                0x08011440      0x138 ./mongoose/mongoose.o
 .text.mg_tls_generate_handshake_keys
                0x08011578      0x2a0 ./mongoose/mongoose.o
 .text.mg_tls_generate_application_keys
                0x08011818      0x230 ./mongoose/mongoose.o
 .text.mg_tls_encrypt
                0x08011a48      0x1f8 ./mongoose/mongoose.o
 .text.mg_tls_recv_record
                0x08011c40      0x238 ./mongoose/mongoose.o
 .text.mg_tls_calc_cert_verify_hash
                0x08011e78      0x144 ./mongoose/mongoose.o
 .text.mg_tls_server_recv_hello
                0x08011fbc      0x2fc ./mongoose/mongoose.o
 .text.mg_tls_server_send_hello
                0x080122b8      0x168 ./mongoose/mongoose.o
 .text.mg_tls_server_send_ext
                0x08012420       0x44 ./mongoose/mongoose.o
 .text.mg_tls_server_send_cert
                0x08012464      0x1e4 ./mongoose/mongoose.o
 .text.init_SHA256
                0x08012648       0x1e ./mongoose/mongoose.o
 .text.update_SHA256
                0x08012666       0x26 ./mongoose/mongoose.o
 .text.finish_SHA256
                0x0801268c       0x22 ./mongoose/mongoose.o
 *fill*         0x080126ae        0x2 
 .text.mg_tls_send_cert_verify
                0x080126b0      0x268 ./mongoose/mongoose.o
 .text.mg_tls_server_send_finish
                0x08012918       0xb8 ./mongoose/mongoose.o
 .text.mg_tls_server_recv_finish
                0x080129d0       0x80 ./mongoose/mongoose.o
 .text.mg_tls_client_send_hello
                0x08012a50      0x3e4 ./mongoose/mongoose.o
 .text.mg_tls_client_recv_hello
                0x08012e34      0x274 ./mongoose/mongoose.o
 .text.mg_tls_client_recv_ext
                0x080130a8       0x60 ./mongoose/mongoose.o
 .text.mg_der_debug_cert_name
                0x08013108      0x14c ./mongoose/mongoose.o
 .text.mg_tls_parse_cert_der
                0x08013254      0x768 ./mongoose/mongoose.o
 .text.mg_tls_verify_cert_san
                0x080139bc      0x100 ./mongoose/mongoose.o
 .text.mg_tls_verify_cert_signature
                0x08013abc      0x318 ./mongoose/mongoose.o
 .text.mg_tls_client_recv_cert
                0x08013dd4      0x4fc ./mongoose/mongoose.o
 .text.mg_tls_client_recv_cert_verify
                0x080142d0      0x450 ./mongoose/mongoose.o
 .text.mg_tls_client_recv_finish
                0x08014720       0x60 ./mongoose/mongoose.o
 .text.mg_tls_client_send_finish
                0x08014780       0xa4 ./mongoose/mongoose.o
 .text.mg_tls_client_handshake
                0x08014824      0x21c ./mongoose/mongoose.o
 .text.mg_tls_server_handshake
                0x08014a40       0xa0 ./mongoose/mongoose.o
 .text.mg_tls_handshake
                0x08014ae0       0x2e ./mongoose/mongoose.o
                0x08014ae0                mg_tls_handshake
 *fill*         0x08014b0e        0x2 
 .text.mg_parse_pem
                0x08014b10      0x140 ./mongoose/mongoose.o
 .text.mg_tls_init
                0x08014c50      0x2f8 ./mongoose/mongoose.o
                0x08014c50                mg_tls_init
 .text.mg_tls_free
                0x08014f48       0x54 ./mongoose/mongoose.o
                0x08014f48                mg_tls_free
 .text.mg_tls_send
                0x08014f9c      0x148 ./mongoose/mongoose.o
                0x08014f9c                mg_tls_send
 .text.mg_tls_recv
                0x080150e4       0xa8 ./mongoose/mongoose.o
                0x080150e4                mg_tls_recv
 .text.mg_tls_pending
                0x0801518c       0x2a ./mongoose/mongoose.o
                0x0801518c                mg_tls_pending
 .text.mg_tls_ctx_init
                0x080151b6       0x14 ./mongoose/mongoose.o
                0x080151b6                mg_tls_ctx_init
 *fill*         0x080151ca        0x2 
 .text.initialize_state
                0x080151cc       0xd0 ./mongoose/mongoose.o
 .text.core_block
                0x0801529c      0x4a4 ./mongoose/mongoose.o
 .text.xor_block
                0x08015740      0x116 ./mongoose/mongoose.o
 .text.chacha20_xor_stream
                0x08015856       0xf0 ./mongoose/mongoose.o
 .text.rfc8439_keygen
                0x08015946       0x40 ./mongoose/mongoose.o
 .text.U8TO32   0x08015986       0x38 ./mongoose/mongoose.o
 .text.U32TO8   0x080159be       0x42 ./mongoose/mongoose.o
 .text.poly1305_init
                0x08015a00       0xf8 ./mongoose/mongoose.o
 .text.poly1305_blocks
                0x08015af8      0xe06 ./mongoose/mongoose.o
 .text.poly1305_finish
                0x080168fe      0x4b8 ./mongoose/mongoose.o
 .text.poly1305_update
                0x08016db6      0x106 ./mongoose/mongoose.o
 .text.pad_if_needed
                0x08016ebc       0x34 ./mongoose/mongoose.o
 .text.write_64bit_int
                0x08016ef0       0xbe ./mongoose/mongoose.o
 .text.poly1305_calculate_mac
                0x08016fae       0xcc ./mongoose/mongoose.o
 .text.mg_chacha20_poly1305_encrypt
                0x0801707a       0x70 ./mongoose/mongoose.o
                0x0801707a                mg_chacha20_poly1305_encrypt
 .text.mg_chacha20_poly1305_decrypt
                0x080170ea       0x54 ./mongoose/mongoose.o
                0x080170ea                mg_chacha20_poly1305_decrypt
 .text.bi_initialize
                0x0801713e       0x4a ./mongoose/mongoose.o
 .text.bi_copy  0x08017188       0x30 ./mongoose/mongoose.o
 .text.bi_permanent
                0x080171b8       0x28 ./mongoose/mongoose.o
 .text.bi_depermanent
                0x080171e0       0x28 ./mongoose/mongoose.o
 .text.bi_free  0x08017208       0x64 ./mongoose/mongoose.o
 .text.int_to_bi
                0x0801726c       0x26 ./mongoose/mongoose.o
 .text.bi_clone
                0x08017292       0x3a ./mongoose/mongoose.o
 .text.bi_add   0x080172cc       0xba ./mongoose/mongoose.o
 .text.bi_subtract
                0x08017386       0xb0 ./mongoose/mongoose.o
 .text.bi_int_multiply
                0x08017436      0x106 ./mongoose/mongoose.o
 .text.bi_divide
                0x0801753c      0x46c ./mongoose/mongoose.o
 .text.bi_int_divide
                0x080179a8       0xb2 ./mongoose/mongoose.o
 .text.bi_import
                0x08017a5a       0xa2 ./mongoose/mongoose.o
 .text.bi_export
                0x08017afc       0xa0 ./mongoose/mongoose.o
 .text.bi_set_mod
                0x08017b9c       0x94 ./mongoose/mongoose.o
 .text.regular_multiply
                0x08017c30      0x19c ./mongoose/mongoose.o
 .text.bi_multiply
                0x08017dcc       0x26 ./mongoose/mongoose.o
 .text.bi_compare
                0x08017df2       0xaa ./mongoose/mongoose.o
 .text.more_comps
                0x08017e9c       0xb8 ./mongoose/mongoose.o
 .text.alloc    0x08017f54       0x90 ./mongoose/mongoose.o
 .text.find_max_exp_index
                0x08017fe4       0x66 ./mongoose/mongoose.o
 .text.exp_bit_is_one
                0x0801804a       0x6c ./mongoose/mongoose.o
 .text.trim     0x080180b6       0x50 ./mongoose/mongoose.o
 .text.bi_mod_power
                0x08018106      0x1d8 ./mongoose/mongoose.o
 .text.mg_rsa_mod_pow
                0x080182de       0x8a ./mongoose/mongoose.o
                0x080182de                mg_rsa_mod_pow
 .text.mg_uecc_vli_clear
                0x08018368       0x42 ./mongoose/mongoose.o
 .text.mg_uecc_vli_isZero
                0x080183aa       0x54 ./mongoose/mongoose.o
 .text.mg_uecc_vli_testBit
                0x080183fe       0x36 ./mongoose/mongoose.o
 .text.vli_numDigits
                0x08018434       0x4a ./mongoose/mongoose.o
 .text.mg_uecc_vli_numBits
                0x0801847e       0x72 ./mongoose/mongoose.o
 .text.mg_uecc_vli_set
                0x080184f0       0x4e ./mongoose/mongoose.o
 .text.mg_uecc_vli_cmp_unsafe
                0x0801853e       0x78 ./mongoose/mongoose.o
 .text.mg_uecc_vli_equal
                0x080185b6       0x64 ./mongoose/mongoose.o
 .text.mg_uecc_vli_cmp
                0x0801861a       0x62 ./mongoose/mongoose.o
 .text.mg_uecc_vli_rshift1
                0x0801867c       0x54 ./mongoose/mongoose.o
 .text.mg_uecc_vli_add
                0x080186d0       0x94 ./mongoose/mongoose.o
 .text.mg_uecc_vli_sub
                0x08018764       0x94 ./mongoose/mongoose.o
 .text.muladd   0x080187f8       0xd4 ./mongoose/mongoose.o
 .text.mg_uecc_vli_mult
                0x080188cc      0x140 ./mongoose/mongoose.o
 .text.mg_uecc_vli_modAdd
                0x08018a0c       0x4e ./mongoose/mongoose.o
 .text.mg_uecc_vli_modSub
                0x08018a5a       0x3a ./mongoose/mongoose.o
 .text.mg_uecc_vli_mmod
                0x08018a94      0x278 ./mongoose/mongoose.o
 .text.mg_uecc_vli_modMult
                0x08018d0c       0x36 ./mongoose/mongoose.o
 .text.mg_uecc_vli_modMult_fast
                0x08018d42       0x38 ./mongoose/mongoose.o
 .text.mg_uecc_vli_modSquare_fast
                0x08018d7a       0x20 ./mongoose/mongoose.o
 .text.vli_modInv_update
                0x08018d9a       0x70 ./mongoose/mongoose.o
 .text.mg_uecc_vli_modInv
                0x08018e0a      0x1f2 ./mongoose/mongoose.o
 .text.double_jacobian_default
                0x08018ffc      0x1fe ./mongoose/mongoose.o
 .text.x_side_default
                0x080191fa       0x76 ./mongoose/mongoose.o
 .text.mod_sqrt_default
                0x08019270       0xca ./mongoose/mongoose.o
 *fill*         0x0801933a        0x2 
 .text.mg_uecc_secp256r1
                0x0801933c       0x14 ./mongoose/mongoose.o
                0x0801933c                mg_uecc_secp256r1
 .text.vli_mmod_fast_secp256r1
                0x08019350      0x2b4 ./mongoose/mongoose.o
 .text.apply_z  0x08019604       0x50 ./mongoose/mongoose.o
 .text.XYcZ_initial_double
                0x08019654       0x94 ./mongoose/mongoose.o
 .text.XYcZ_add
                0x080196e8      0x134 ./mongoose/mongoose.o
 .text.XYcZ_addC
                0x0801981c      0x1e2 ./mongoose/mongoose.o
 .text.EccPoint_mult
                0x080199fe      0x2c2 ./mongoose/mongoose.o
 .text.regularize_k
                0x08019cc0       0x82 ./mongoose/mongoose.o
 *fill*         0x08019d42        0x2 
 .text.mg_uecc_generate_random_int
                0x08019d44       0xd4 ./mongoose/mongoose.o
 .text.mg_uecc_vli_nativeToBytes
                0x08019e18       0x5a ./mongoose/mongoose.o
 .text.mg_uecc_vli_bytesToNative
                0x08019e72       0x78 ./mongoose/mongoose.o
 .text.bits2int
                0x08019eea       0xe4 ./mongoose/mongoose.o
 *fill*         0x08019fce        0x2 
 .text.mg_uecc_sign_with_k_internal
                0x08019fd0      0x2d8 ./mongoose/mongoose.o
 .text.HMAC_init
                0x0801a2a8       0x7e ./mongoose/mongoose.o
 .text.HMAC_update
                0x0801a326       0x20 ./mongoose/mongoose.o
 .text.HMAC_finish
                0x0801a346       0xa2 ./mongoose/mongoose.o
 .text.update_V
                0x0801a3e8       0x34 ./mongoose/mongoose.o
 .text.mg_uecc_sign_deterministic
                0x0801a41c      0x22c ./mongoose/mongoose.o
                0x0801a41c                mg_uecc_sign_deterministic
 .text.smax     0x0801a648       0x2c ./mongoose/mongoose.o
 .text.mg_uecc_verify
                0x0801a674      0x598 ./mongoose/mongoose.o
                0x0801a674                mg_uecc_verify
 .text.umaal    0x0801ac0c       0x9c ./mongoose/mongoose.o
 .text.adc      0x0801aca8       0x6e ./mongoose/mongoose.o
 .text.adc0     0x0801ad16       0x4c ./mongoose/mongoose.o
 .text.propagate
                0x0801ad62       0x74 ./mongoose/mongoose.o
 .text.add      0x0801add6       0x60 ./mongoose/mongoose.o
 .text.sub      0x0801ae36       0xa2 ./mongoose/mongoose.o
 .text.mul      0x0801aed8       0xfa ./mongoose/mongoose.o
 .text.sqr      0x0801afd2       0x1e ./mongoose/mongoose.o
 .text.mul1     0x0801aff0       0x1e ./mongoose/mongoose.o
 .text.sqr1     0x0801b00e       0x18 ./mongoose/mongoose.o
 .text.condswap
                0x0801b026       0x78 ./mongoose/mongoose.o
 .text.canon    0x0801b09e       0xe4 ./mongoose/mongoose.o
 *fill*         0x0801b182        0x2 
 .text.ladder_part1
                0x0801b184       0xa8 ./mongoose/mongoose.o
 .text.ladder_part2
                0x0801b22c       0x5c ./mongoose/mongoose.o
 .text.x25519_core
                0x0801b288      0x15c ./mongoose/mongoose.o
 .text.mg_tls_x25519
                0x0801b3e4      0x198 ./mongoose/mongoose.o
                0x0801b3e4                mg_tls_x25519
 .text.mg_url_is_ssl
                0x0801b57c       0x90 ./mongoose/mongoose.o
                0x0801b57c                mg_url_is_ssl
 .text.urlparse
                0x0801b60c      0x102 ./mongoose/mongoose.o
 *fill*         0x0801b70e        0x2 
 .text.mg_url_port
                0x0801b710       0xc8 ./mongoose/mongoose.o
                0x0801b710                mg_url_port
 .text.mg_bzero
                0x0801b7d8       0x32 ./mongoose/mongoose.o
                0x0801b7d8                mg_bzero
 *fill*         0x0801b80a        0x2 
 .text.mg_crc32
                0x0801b80c       0x74 ./mongoose/mongoose.o
                0x0801b80c                mg_crc32
 .text.mg_path_is_sane
                0x0801b880       0x80 ./mongoose/mongoose.o
                0x0801b880                mg_path_is_sane
 .text.mg_ntohs
                0x0801b900       0x2e ./mongoose/mongoose.o
                0x0801b900                mg_ntohs
 .text.mg_ntohl
                0x0801b92e       0x36 ./mongoose/mongoose.o
                0x0801b92e                mg_ntohl
 .text.ws_handshake
                0x0801b964       0xc8 ./mongoose/mongoose.o
 .text.be32     0x0801ba2c       0x38 ./mongoose/mongoose.o
 .text.ws_process
                0x0801ba64      0x150 ./mongoose/mongoose.o
 .text.mkhdr    0x0801bbb4       0xe2 ./mongoose/mongoose.o
 .text.mg_ws_mask
                0x0801bc96       0x78 ./mongoose/mongoose.o
 *fill*         0x0801bd0e        0x2 
 .text.mg_ws_send
                0x0801bd10       0xb4 ./mongoose/mongoose.o
                0x0801bd10                mg_ws_send
 .text.mg_ws_client_handshake
                0x0801bdc4      0x12c ./mongoose/mongoose.o
 .text.mg_ws_cb
                0x0801bef0      0x2b0 ./mongoose/mongoose.o
 .text.mg_ws_upgrade
                0x0801c1a0       0xb4 ./mongoose/mongoose.o
                0x0801c1a0                mg_ws_upgrade
 .text.mg_phy_id_to_str
                0x0801c254       0xa0 ./mongoose/mongoose.o
 .text.mg_phy_init
                0x0801c2f4      0x170 ./mongoose/mongoose.o
                0x0801c2f4                mg_phy_init
 .text.mg_phy_up
                0x0801c464      0x1ea ./mongoose/mongoose.o
                0x0801c464                mg_phy_up
 *fill*         0x0801c64e        0x2 
 .text.eth_read_phy
                0x0801c650       0x60 ./mongoose/mongoose.o
 .text.eth_write_phy
                0x0801c6b0       0x68 ./mongoose/mongoose.o
 .text.get_hclk
                0x0801c718      0x10c ./mongoose/mongoose.o
 .text.guess_mdc_cr
                0x0801c824      0x100 ./mongoose/mongoose.o
 .text.mg_tcpip_driver_stm32f_init
                0x0801c924      0x1f8 ./mongoose/mongoose.o
 .text.mg_tcpip_driver_stm32f_tx
                0x0801cb1c      0x13c ./mongoose/mongoose.o
 .text.mg_tcpip_driver_stm32f_poll
                0x0801cc58      0x10c ./mongoose/mongoose.o
 .text.ETH_IRQHandler
                0x0801cd64      0x118 ./mongoose/mongoose.o
                0x0801cd64                ETH_IRQHandler
 .text.scmp     0x0801ce7c       0x44 ./mongoose/mongoose_fs.o
 .text.mg_unlist
                0x0801cec0       0x28 ./mongoose/mongoose_fs.o
                0x0801cec0                mg_unlist
 .text.mg_unpack
                0x0801cee8       0x6c ./mongoose/mongoose_fs.o
                0x0801cee8                mg_unpack
 .text.glue_get_leds
                0x0801cf54       0x20 ./mongoose/mongoose_glue.o
                0x0801cf54                glue_get_leds
 .text.glue_set_leds
                0x0801cf74       0x20 ./mongoose/mongoose_glue.o
                0x0801cf74                glue_set_leds
 .text.get_api_handler
                0x0801cf94       0xcc ./mongoose/mongoose_impl.o
 .text.find_handler
                0x0801d060       0x58 ./mongoose/mongoose_impl.o
 .text.mg_json_get_str2
                0x0801d0b8       0x58 ./mongoose/mongoose_impl.o
                0x0801d0b8                mg_json_get_str2
 .text.close_uploaded_file
                0x0801d110       0x42 ./mongoose/mongoose_impl.o
 *fill*         0x0801d152        0x2 
 .text.upload_handler
                0x0801d154      0x1b4 ./mongoose/mongoose_impl.o
 .text.prep_upload
                0x0801d308      0x150 ./mongoose/mongoose_impl.o
 .text.handle_uploads
                0x0801d458       0x84 ./mongoose/mongoose_impl.o
 .text.handle_action
                0x0801d4dc       0x88 ./mongoose/mongoose_impl.o
 .text.print_struct
                0x0801d564      0x210 ./mongoose/mongoose_impl.o
                0x0801d564                print_struct
 .text.handle_object
                0x0801d774      0x238 ./mongoose/mongoose_impl.o
 .text.print_array
                0x0801d9ac      0x108 ./mongoose/mongoose_impl.o
 .text.handle_array
                0x0801dab4       0xfc ./mongoose/mongoose_impl.o
 .text.handle_api_call
                0x0801dbb0       0xd8 ./mongoose/mongoose_impl.o
 .text.http_ev_handler
                0x0801dc88      0x30c ./mongoose/mongoose_impl.o
 .text.mongoose_init
                0x0801df94       0xac ./mongoose/mongoose_impl.o
                0x0801df94                mongoose_init
 .text.mongoose_poll
                0x0801e040       0x14 ./mongoose/mongoose_impl.o
                0x0801e040                mongoose_poll
 .text.abort    0x0801e054        0xe /opt/st/stm32cubeide_1.18.0/plugins/com.st.stm32cube.ide.mcu.externaltools.gnu-tools-for-stm32.13.3.rel1.linux64_1.0.0.202410170706/tools/bin/../lib/gcc/arm-none-eabi/13.3.1/../../../../arm-none-eabi/lib/thumb/v7e-m+dp/hard/libc_nano.a(libc_a-abort.o)
                0x0801e054                abort
 *fill*         0x0801e062        0x2 
 .text.__assert_func
                0x0801e064       0x3c /opt/st/stm32cubeide_1.18.0/plugins/com.st.stm32cube.ide.mcu.externaltools.gnu-tools-for-stm32.13.3.rel1.linux64_1.0.0.202410170706/tools/bin/../lib/gcc/arm-none-eabi/13.3.1/../../../../arm-none-eabi/lib/thumb/v7e-m+dp/hard/libc_nano.a(libc_a-assert.o)
                0x0801e064                __assert_func
 .text.atoi     0x0801e0a0        0x8 /opt/st/stm32cubeide_1.18.0/plugins/com.st.stm32cube.ide.mcu.externaltools.gnu-tools-for-stm32.13.3.rel1.linux64_1.0.0.202410170706/tools/bin/../lib/gcc/arm-none-eabi/13.3.1/../../../../arm-none-eabi/lib/thumb/v7e-m+dp/hard/libc_nano.a(libc_a-atoi.o)
                0x0801e0a0                atoi
 .text.calloc   0x0801e0a8       0x10 /opt/st/stm32cubeide_1.18.0/plugins/com.st.stm32cube.ide.mcu.externaltools.gnu-tools-for-stm32.13.3.rel1.linux64_1.0.0.202410170706/tools/bin/../lib/gcc/arm-none-eabi/13.3.1/../../../../arm-none-eabi/lib/thumb/v7e-m+dp/hard/libc_nano.a(libc_a-calloc.o)
                0x0801e0a8                calloc
 .text._calloc_r
                0x0801e0b8       0x28 /opt/st/stm32cubeide_1.18.0/plugins/com.st.stm32cube.ide.mcu.externaltools.gnu-tools-for-stm32.13.3.rel1.linux64_1.0.0.202410170706/tools/bin/../lib/gcc/arm-none-eabi/13.3.1/../../../../arm-none-eabi/lib/thumb/v7e-m+dp/hard/libc_nano.a(libc_a-callocr.o)
                0x0801e0b8                _calloc_r
 .text.malloc   0x0801e0e0       0x10 /opt/st/stm32cubeide_1.18.0/plugins/com.st.stm32cube.ide.mcu.externaltools.gnu-tools-for-stm32.13.3.rel1.linux64_1.0.0.202410170706/tools/bin/../lib/gcc/arm-none-eabi/13.3.1/../../../../arm-none-eabi/lib/thumb/v7e-m+dp/hard/libc_nano.a(libc_a-malloc.o)
                0x0801e0e0                malloc
 .text.free     0x0801e0f0       0x10 /opt/st/stm32cubeide_1.18.0/plugins/com.st.stm32cube.ide.mcu.externaltools.gnu-tools-for-stm32.13.3.rel1.linux64_1.0.0.202410170706/tools/bin/../lib/gcc/arm-none-eabi/13.3.1/../../../../arm-none-eabi/lib/thumb/v7e-m+dp/hard/libc_nano.a(libc_a-malloc.o)
                0x0801e0f0                free
 .text.sbrk_aligned
                0x0801e100       0x44 /opt/st/stm32cubeide_1.18.0/plugins/com.st.stm32cube.ide.mcu.externaltools.gnu-tools-for-stm32.13.3.rel1.linux64_1.0.0.202410170706/tools/bin/../lib/gcc/arm-none-eabi/13.3.1/../../../../arm-none-eabi/lib/thumb/v7e-m+dp/hard/libc_nano.a(libc_a-mallocr.o)
 .text._malloc_r
                0x0801e144      0x100 /opt/st/stm32cubeide_1.18.0/plugins/com.st.stm32cube.ide.mcu.externaltools.gnu-tools-for-stm32.13.3.rel1.linux64_1.0.0.202410170706/tools/bin/../lib/gcc/arm-none-eabi/13.3.1/../../../../arm-none-eabi/lib/thumb/v7e-m+dp/hard/libc_nano.a(libc_a-mallocr.o)
                0x0801e144                _malloc_r
 .text.__malloc_lock
                0x0801e244        0xc /opt/st/stm32cubeide_1.18.0/plugins/com.st.stm32cube.ide.mcu.externaltools.gnu-tools-for-stm32.13.3.rel1.linux64_1.0.0.202410170706/tools/bin/../lib/gcc/arm-none-eabi/13.3.1/../../../../arm-none-eabi/lib/thumb/v7e-m+dp/hard/libc_nano.a(libc_a-mlock.o)
                0x0801e244                __malloc_lock
 .text.__malloc_unlock
                0x0801e250        0xc /opt/st/stm32cubeide_1.18.0/plugins/com.st.stm32cube.ide.mcu.externaltools.gnu-tools-for-stm32.13.3.rel1.linux64_1.0.0.202410170706/tools/bin/../lib/gcc/arm-none-eabi/13.3.1/../../../../arm-none-eabi/lib/thumb/v7e-m+dp/hard/libc_nano.a(libc_a-mlock.o)
                0x0801e250                __malloc_unlock
 .text.srand    0x0801e25c       0x5c /opt/st/stm32cubeide_1.18.0/plugins/com.st.stm32cube.ide.mcu.externaltools.gnu-tools-for-stm32.13.3.rel1.linux64_1.0.0.202410170706/tools/bin/../lib/gcc/arm-none-eabi/13.3.1/../../../../arm-none-eabi/lib/thumb/v7e-m+dp/hard/libc_nano.a(libc_a-rand.o)
                0x0801e25c                srand
 .text._strtol_l.isra.0
                0x0801e2b8       0xf4 /opt/st/stm32cubeide_1.18.0/plugins/com.st.stm32cube.ide.mcu.externaltools.gnu-tools-for-stm32.13.3.rel1.linux64_1.0.0.202410170706/tools/bin/../lib/gcc/arm-none-eabi/13.3.1/../../../../arm-none-eabi/lib/thumb/v7e-m+dp/hard/libc_nano.a(libc_a-strtol.o)
 .text.strtol   0x0801e3ac       0x14 /opt/st/stm32cubeide_1.18.0/plugins/com.st.stm32cube.ide.mcu.externaltools.gnu-tools-for-stm32.13.3.rel1.linux64_1.0.0.202410170706/tools/bin/../lib/gcc/arm-none-eabi/13.3.1/../../../../arm-none-eabi/lib/thumb/v7e-m+dp/hard/libc_nano.a(libc_a-strtol.o)
                0x0801e3ac                strtol
 .text.std      0x0801e3c0       0x6c /opt/st/stm32cubeide_1.18.0/plugins/com.st.stm32cube.ide.mcu.externaltools.gnu-tools-for-stm32.13.3.rel1.linux64_1.0.0.202410170706/tools/bin/../lib/gcc/arm-none-eabi/13.3.1/../../../../arm-none-eabi/lib/thumb/v7e-m+dp/hard/libc_nano.a(libc_a-findfp.o)
 .text.stdio_exit_handler
                0x0801e42c       0x18 /opt/st/stm32cubeide_1.18.0/plugins/com.st.stm32cube.ide.mcu.externaltools.gnu-tools-for-stm32.13.3.rel1.linux64_1.0.0.202410170706/tools/bin/../lib/gcc/arm-none-eabi/13.3.1/../../../../arm-none-eabi/lib/thumb/v7e-m+dp/hard/libc_nano.a(libc_a-findfp.o)
 .text.cleanup_stdio
                0x0801e444       0x40 /opt/st/stm32cubeide_1.18.0/plugins/com.st.stm32cube.ide.mcu.externaltools.gnu-tools-for-stm32.13.3.rel1.linux64_1.0.0.202410170706/tools/bin/../lib/gcc/arm-none-eabi/13.3.1/../../../../arm-none-eabi/lib/thumb/v7e-m+dp/hard/libc_nano.a(libc_a-findfp.o)
 .text.global_stdio_init.part.0
                0x0801e484       0x3c /opt/st/stm32cubeide_1.18.0/plugins/com.st.stm32cube.ide.mcu.externaltools.gnu-tools-for-stm32.13.3.rel1.linux64_1.0.0.202410170706/tools/bin/../lib/gcc/arm-none-eabi/13.3.1/../../../../arm-none-eabi/lib/thumb/v7e-m+dp/hard/libc_nano.a(libc_a-findfp.o)
 .text.__sfp_lock_acquire
                0x0801e4c0        0xc /opt/st/stm32cubeide_1.18.0/plugins/com.st.stm32cube.ide.mcu.externaltools.gnu-tools-for-stm32.13.3.rel1.linux64_1.0.0.202410170706/tools/bin/../lib/gcc/arm-none-eabi/13.3.1/../../../../arm-none-eabi/lib/thumb/v7e-m+dp/hard/libc_nano.a(libc_a-findfp.o)
                0x0801e4c0                __sfp_lock_acquire
 .text.__sfp_lock_release
                0x0801e4cc        0xc /opt/st/stm32cubeide_1.18.0/plugins/com.st.stm32cube.ide.mcu.externaltools.gnu-tools-for-stm32.13.3.rel1.linux64_1.0.0.202410170706/tools/bin/../lib/gcc/arm-none-eabi/13.3.1/../../../../arm-none-eabi/lib/thumb/v7e-m+dp/hard/libc_nano.a(libc_a-findfp.o)
                0x0801e4cc                __sfp_lock_release
 .text.__sinit  0x0801e4d8       0x30 /opt/st/stm32cubeide_1.18.0/plugins/com.st.stm32cube.ide.mcu.externaltools.gnu-tools-for-stm32.13.3.rel1.linux64_1.0.0.202410170706/tools/bin/../lib/gcc/arm-none-eabi/13.3.1/../../../../arm-none-eabi/lib/thumb/v7e-m+dp/hard/libc_nano.a(libc_a-findfp.o)
                0x0801e4d8                __sinit
 .text.fprintf  0x0801e508       0x24 /opt/st/stm32cubeide_1.18.0/plugins/com.st.stm32cube.ide.mcu.externaltools.gnu-tools-for-stm32.13.3.rel1.linux64_1.0.0.202410170706/tools/bin/../lib/gcc/arm-none-eabi/13.3.1/../../../../arm-none-eabi/lib/thumb/v7e-m+dp/hard/libc_nano.a(libc_a-fprintf.o)
                0x0801e508                fprintf
                0x0801e508                fiprintf
 .text._fwalk_sglue
                0x0801e52c       0x3c /opt/st/stm32cubeide_1.18.0/plugins/com.st.stm32cube.ide.mcu.externaltools.gnu-tools-for-stm32.13.3.rel1.linux64_1.0.0.202410170706/tools/bin/../lib/gcc/arm-none-eabi/13.3.1/../../../../arm-none-eabi/lib/thumb/v7e-m+dp/hard/libc_nano.a(libc_a-fwalk.o)
                0x0801e52c                _fwalk_sglue
 .text.putchar  0x0801e568       0x10 /opt/st/stm32cubeide_1.18.0/plugins/com.st.stm32cube.ide.mcu.externaltools.gnu-tools-for-stm32.13.3.rel1.linux64_1.0.0.202410170706/tools/bin/../lib/gcc/arm-none-eabi/13.3.1/../../../../arm-none-eabi/lib/thumb/v7e-m+dp/hard/libc_nano.a(libc_a-putchar.o)
                0x0801e568                putchar
 .text.__sread  0x0801e578       0x22 /opt/st/stm32cubeide_1.18.0/plugins/com.st.stm32cube.ide.mcu.externaltools.gnu-tools-for-stm32.13.3.rel1.linux64_1.0.0.202410170706/tools/bin/../lib/gcc/arm-none-eabi/13.3.1/../../../../arm-none-eabi/lib/thumb/v7e-m+dp/hard/libc_nano.a(libc_a-stdio.o)
                0x0801e578                __sread
 .text.__swrite
                0x0801e59a       0x38 /opt/st/stm32cubeide_1.18.0/plugins/com.st.stm32cube.ide.mcu.externaltools.gnu-tools-for-stm32.13.3.rel1.linux64_1.0.0.202410170706/tools/bin/../lib/gcc/arm-none-eabi/13.3.1/../../../../arm-none-eabi/lib/thumb/v7e-m+dp/hard/libc_nano.a(libc_a-stdio.o)
                0x0801e59a                __swrite
 .text.__sseek  0x0801e5d2       0x24 /opt/st/stm32cubeide_1.18.0/plugins/com.st.stm32cube.ide.mcu.externaltools.gnu-tools-for-stm32.13.3.rel1.linux64_1.0.0.202410170706/tools/bin/../lib/gcc/arm-none-eabi/13.3.1/../../../../arm-none-eabi/lib/thumb/v7e-m+dp/hard/libc_nano.a(libc_a-stdio.o)
                0x0801e5d2                __sseek
 .text.__sclose
                0x0801e5f6        0x8 /opt/st/stm32cubeide_1.18.0/plugins/com.st.stm32cube.ide.mcu.externaltools.gnu-tools-for-stm32.13.3.rel1.linux64_1.0.0.202410170706/tools/bin/../lib/gcc/arm-none-eabi/13.3.1/../../../../arm-none-eabi/lib/thumb/v7e-m+dp/hard/libc_nano.a(libc_a-stdio.o)
                0x0801e5f6                __sclose
 .text.memcmp   0x0801e5fe       0x20 /opt/st/stm32cubeide_1.18.0/plugins/com.st.stm32cube.ide.mcu.externaltools.gnu-tools-for-stm32.13.3.rel1.linux64_1.0.0.202410170706/tools/bin/../lib/gcc/arm-none-eabi/13.3.1/../../../../arm-none-eabi/lib/thumb/v7e-m+dp/hard/libc_nano.a(libc_a-memcmp.o)
                0x0801e5fe                memcmp
 .text.memmove  0x0801e61e       0x34 /opt/st/stm32cubeide_1.18.0/plugins/com.st.stm32cube.ide.mcu.externaltools.gnu-tools-for-stm32.13.3.rel1.linux64_1.0.0.202410170706/tools/bin/../lib/gcc/arm-none-eabi/13.3.1/../../../../arm-none-eabi/lib/thumb/v7e-m+dp/hard/libc_nano.a(libc_a-memmove.o)
                0x0801e61e                memmove
 .text.memset   0x0801e652       0x10 /opt/st/stm32cubeide_1.18.0/plugins/com.st.stm32cube.ide.mcu.externaltools.gnu-tools-for-stm32.13.3.rel1.linux64_1.0.0.202410170706/tools/bin/../lib/gcc/arm-none-eabi/13.3.1/../../../../arm-none-eabi/lib/thumb/v7e-m+dp/hard/libc_nano.a(libc_a-memset.o)
                0x0801e652                memset
 .text.strchr   0x0801e662       0x1a /opt/st/stm32cubeide_1.18.0/plugins/com.st.stm32cube.ide.mcu.externaltools.gnu-tools-for-stm32.13.3.rel1.linux64_1.0.0.202410170706/tools/bin/../lib/gcc/arm-none-eabi/13.3.1/../../../../arm-none-eabi/lib/thumb/v7e-m+dp/hard/libc_nano.a(libc_a-strchr.o)
                0x0801e662                strchr
 .text.strncmp  0x0801e67c       0x24 /opt/st/stm32cubeide_1.18.0/plugins/com.st.stm32cube.ide.mcu.externaltools.gnu-tools-for-stm32.13.3.rel1.linux64_1.0.0.202410170706/tools/bin/../lib/gcc/arm-none-eabi/13.3.1/../../../../arm-none-eabi/lib/thumb/v7e-m+dp/hard/libc_nano.a(libc_a-strncmp.o)
                0x0801e67c                strncmp
 .text.strncpy  0x0801e6a0       0x26 /opt/st/stm32cubeide_1.18.0/plugins/com.st.stm32cube.ide.mcu.externaltools.gnu-tools-for-stm32.13.3.rel1.linux64_1.0.0.202410170706/tools/bin/../lib/gcc/arm-none-eabi/13.3.1/../../../../arm-none-eabi/lib/thumb/v7e-m+dp/hard/libc_nano.a(libc_a-strncpy.o)
                0x0801e6a0                strncpy
 .text.strrchr  0x0801e6c6       0x2c /opt/st/stm32cubeide_1.18.0/plugins/com.st.stm32cube.ide.mcu.externaltools.gnu-tools-for-stm32.13.3.rel1.linux64_1.0.0.202410170706/tools/bin/../lib/gcc/arm-none-eabi/13.3.1/../../../../arm-none-eabi/lib/thumb/v7e-m+dp/hard/libc_nano.a(libc_a-strrchr.o)
                0x0801e6c6                strrchr
 .text.strstr   0x0801e6f2       0x2c /opt/st/stm32cubeide_1.18.0/plugins/com.st.stm32cube.ide.mcu.externaltools.gnu-tools-for-stm32.13.3.rel1.linux64_1.0.0.202410170706/tools/bin/../lib/gcc/arm-none-eabi/13.3.1/../../../../arm-none-eabi/lib/thumb/v7e-m+dp/hard/libc_nano.a(libc_a-strstr.o)
                0x0801e6f2                strstr
 .text._raise_r
                0x0801e71e       0x50 /opt/st/stm32cubeide_1.18.0/plugins/com.st.stm32cube.ide.mcu.externaltools.gnu-tools-for-stm32.13.3.rel1.linux64_1.0.0.202410170706/tools/bin/../lib/gcc/arm-none-eabi/13.3.1/../../../../arm-none-eabi/lib/thumb/v7e-m+dp/hard/libc_nano.a(libc_a-signal.o)
                0x0801e71e                _raise_r
 *fill*         0x0801e76e        0x2 
 .text.raise    0x0801e770       0x10 /opt/st/stm32cubeide_1.18.0/plugins/com.st.stm32cube.ide.mcu.externaltools.gnu-tools-for-stm32.13.3.rel1.linux64_1.0.0.202410170706/tools/bin/../lib/gcc/arm-none-eabi/13.3.1/../../../../arm-none-eabi/lib/thumb/v7e-m+dp/hard/libc_nano.a(libc_a-signal.o)
                0x0801e770                raise
 .text._close_r
                0x0801e780       0x20 /opt/st/stm32cubeide_1.18.0/plugins/com.st.stm32cube.ide.mcu.externaltools.gnu-tools-for-stm32.13.3.rel1.linux64_1.0.0.202410170706/tools/bin/../lib/gcc/arm-none-eabi/13.3.1/../../../../arm-none-eabi/lib/thumb/v7e-m+dp/hard/libc_nano.a(libc_a-closer.o)
                0x0801e780                _close_r
 .text._lseek_r
                0x0801e7a0       0x24 /opt/st/stm32cubeide_1.18.0/plugins/com.st.stm32cube.ide.mcu.externaltools.gnu-tools-for-stm32.13.3.rel1.linux64_1.0.0.202410170706/tools/bin/../lib/gcc/arm-none-eabi/13.3.1/../../../../arm-none-eabi/lib/thumb/v7e-m+dp/hard/libc_nano.a(libc_a-lseekr.o)
                0x0801e7a0                _lseek_r
 .text._read_r  0x0801e7c4       0x24 /opt/st/stm32cubeide_1.18.0/plugins/com.st.stm32cube.ide.mcu.externaltools.gnu-tools-for-stm32.13.3.rel1.linux64_1.0.0.202410170706/tools/bin/../lib/gcc/arm-none-eabi/13.3.1/../../../../arm-none-eabi/lib/thumb/v7e-m+dp/hard/libc_nano.a(libc_a-readr.o)
                0x0801e7c4                _read_r
 .text._kill_r  0x0801e7e8       0x24 /opt/st/stm32cubeide_1.18.0/plugins/com.st.stm32cube.ide.mcu.externaltools.gnu-tools-for-stm32.13.3.rel1.linux64_1.0.0.202410170706/tools/bin/../lib/gcc/arm-none-eabi/13.3.1/../../../../arm-none-eabi/lib/thumb/v7e-m+dp/hard/libc_nano.a(libc_a-signalr.o)
                0x0801e7e8                _kill_r
 .text._getpid_r
                0x0801e80c        0x4 /opt/st/stm32cubeide_1.18.0/plugins/com.st.stm32cube.ide.mcu.externaltools.gnu-tools-for-stm32.13.3.rel1.linux64_1.0.0.202410170706/tools/bin/../lib/gcc/arm-none-eabi/13.3.1/../../../../arm-none-eabi/lib/thumb/v7e-m+dp/hard/libc_nano.a(libc_a-signalr.o)
                0x0801e80c                _getpid_r
 .text._sbrk_r  0x0801e810       0x20 /opt/st/stm32cubeide_1.18.0/plugins/com.st.stm32cube.ide.mcu.externaltools.gnu-tools-for-stm32.13.3.rel1.linux64_1.0.0.202410170706/tools/bin/../lib/gcc/arm-none-eabi/13.3.1/../../../../arm-none-eabi/lib/thumb/v7e-m+dp/hard/libc_nano.a(libc_a-sbrkr.o)
                0x0801e810                _sbrk_r
 .text._write_r
                0x0801e830       0x24 /opt/st/stm32cubeide_1.18.0/plugins/com.st.stm32cube.ide.mcu.externaltools.gnu-tools-for-stm32.13.3.rel1.linux64_1.0.0.202410170706/tools/bin/../lib/gcc/arm-none-eabi/13.3.1/../../../../arm-none-eabi/lib/thumb/v7e-m+dp/hard/libc_nano.a(libc_a-writer.o)
                0x0801e830                _write_r
 .text.__errno  0x0801e854        0xc /opt/st/stm32cubeide_1.18.0/plugins/com.st.stm32cube.ide.mcu.externaltools.gnu-tools-for-stm32.13.3.rel1.linux64_1.0.0.202410170706/tools/bin/../lib/gcc/arm-none-eabi/13.3.1/../../../../arm-none-eabi/lib/thumb/v7e-m+dp/hard/libc_nano.a(libc_a-errno.o)
                0x0801e854                __errno
 .text.__libc_init_array
                0x0801e860       0x48 /opt/st/stm32cubeide_1.18.0/plugins/com.st.stm32cube.ide.mcu.externaltools.gnu-tools-for-stm32.13.3.rel1.linux64_1.0.0.202410170706/tools/bin/../lib/gcc/arm-none-eabi/13.3.1/../../../../arm-none-eabi/lib/thumb/v7e-m+dp/hard/libc_nano.a(libc_a-init.o)
                0x0801e860                __libc_init_array
 .text.__retarget_lock_init_recursive
                0x0801e8a8        0x2 /opt/st/stm32cubeide_1.18.0/plugins/com.st.stm32cube.ide.mcu.externaltools.gnu-tools-for-stm32.13.3.rel1.linux64_1.0.0.202410170706/tools/bin/../lib/gcc/arm-none-eabi/13.3.1/../../../../arm-none-eabi/lib/thumb/v7e-m+dp/hard/libc_nano.a(libc_a-lock.o)
                0x0801e8a8                __retarget_lock_init_recursive
 .text.__retarget_lock_acquire_recursive
                0x0801e8aa        0x2 /opt/st/stm32cubeide_1.18.0/plugins/com.st.stm32cube.ide.mcu.externaltools.gnu-tools-for-stm32.13.3.rel1.linux64_1.0.0.202410170706/tools/bin/../lib/gcc/arm-none-eabi/13.3.1/../../../../arm-none-eabi/lib/thumb/v7e-m+dp/hard/libc_nano.a(libc_a-lock.o)
                0x0801e8aa                __retarget_lock_acquire_recursive
 .text.__retarget_lock_release_recursive
                0x0801e8ac        0x2 /opt/st/stm32cubeide_1.18.0/plugins/com.st.stm32cube.ide.mcu.externaltools.gnu-tools-for-stm32.13.3.rel1.linux64_1.0.0.202410170706/tools/bin/../lib/gcc/arm-none-eabi/13.3.1/../../../../arm-none-eabi/lib/thumb/v7e-m+dp/hard/libc_nano.a(libc_a-lock.o)
                0x0801e8ac                __retarget_lock_release_recursive
 .text.strcpy   0x0801e8ae       0x10 /opt/st/stm32cubeide_1.18.0/plugins/com.st.stm32cube.ide.mcu.externaltools.gnu-tools-for-stm32.13.3.rel1.linux64_1.0.0.202410170706/tools/bin/../lib/gcc/arm-none-eabi/13.3.1/../../../../arm-none-eabi/lib/thumb/v7e-m+dp/hard/libc_nano.a(libc_a-strcpy.o)
                0x0801e8ae                strcpy
 .text.memcpy   0x0801e8be       0x1c /opt/st/stm32cubeide_1.18.0/plugins/com.st.stm32cube.ide.mcu.externaltools.gnu-tools-for-stm32.13.3.rel1.linux64_1.0.0.202410170706/tools/bin/../lib/gcc/arm-none-eabi/13.3.1/../../../../arm-none-eabi/lib/thumb/v7e-m+dp/hard/libc_nano.a(libc_a-memcpy-stub.o)
                0x0801e8be                memcpy
 *fill*         0x0801e8da        0x2 
 .text._free_r  0x0801e8dc       0x94 /opt/st/stm32cubeide_1.18.0/plugins/com.st.stm32cube.ide.mcu.externaltools.gnu-tools-for-stm32.13.3.rel1.linux64_1.0.0.202410170706/tools/bin/../lib/gcc/arm-none-eabi/13.3.1/../../../../arm-none-eabi/lib/thumb/v7e-m+dp/hard/libc_nano.a(libc_a-freer.o)
                0x0801e8dc                _free_r
 .text.__sfputc_r
                0x0801e970       0x2e /opt/st/stm32cubeide_1.18.0/plugins/com.st.stm32cube.ide.mcu.externaltools.gnu-tools-for-stm32.13.3.rel1.linux64_1.0.0.202410170706/tools/bin/../lib/gcc/arm-none-eabi/13.3.1/../../../../arm-none-eabi/lib/thumb/v7e-m+dp/hard/libc_nano.a(libc_a-nano-vfprintf.o)
 .text.__sfputs_r
                0x0801e99e       0x24 /opt/st/stm32cubeide_1.18.0/plugins/com.st.stm32cube.ide.mcu.externaltools.gnu-tools-for-stm32.13.3.rel1.linux64_1.0.0.202410170706/tools/bin/../lib/gcc/arm-none-eabi/13.3.1/../../../../arm-none-eabi/lib/thumb/v7e-m+dp/hard/libc_nano.a(libc_a-nano-vfprintf.o)
                0x0801e99e                __sfputs_r
 *fill*         0x0801e9c2        0x2 
 .text._vfprintf_r
                0x0801e9c4      0x230 /opt/st/stm32cubeide_1.18.0/plugins/com.st.stm32cube.ide.mcu.externaltools.gnu-tools-for-stm32.13.3.rel1.linux64_1.0.0.202410170706/tools/bin/../lib/gcc/arm-none-eabi/13.3.1/../../../../arm-none-eabi/lib/thumb/v7e-m+dp/hard/libc_nano.a(libc_a-nano-vfprintf.o)
                0x0801e9c4                _vfiprintf_r
                0x0801e9c4                _vfprintf_r
 .text._printf_common
                0x0801ebf4       0xda /opt/st/stm32cubeide_1.18.0/plugins/com.st.stm32cube.ide.mcu.externaltools.gnu-tools-for-stm32.13.3.rel1.linux64_1.0.0.202410170706/tools/bin/../lib/gcc/arm-none-eabi/13.3.1/../../../../arm-none-eabi/lib/thumb/v7e-m+dp/hard/libc_nano.a(libc_a-nano-vfprintf_i.o)
                0x0801ebf4                _printf_common
 *fill*         0x0801ecce        0x2 
 .text._printf_i
                0x0801ecd0      0x23c /opt/st/stm32cubeide_1.18.0/plugins/com.st.stm32cube.ide.mcu.externaltools.gnu-tools-for-stm32.13.3.rel1.linux64_1.0.0.202410170706/tools/bin/../lib/gcc/arm-none-eabi/13.3.1/../../../../arm-none-eabi/lib/thumb/v7e-m+dp/hard/libc_nano.a(libc_a-nano-vfprintf_i.o)
                0x0801ecd0                _printf_i
 .text.__sflush_r
                0x0801ef0c      0x108 /opt/st/stm32cubeide_1.18.0/plugins/com.st.stm32cube.ide.mcu.externaltools.gnu-tools-for-stm32.13.3.rel1.linux64_1.0.0.202410170706/tools/bin/../lib/gcc/arm-none-eabi/13.3.1/../../../../arm-none-eabi/lib/thumb/v7e-m+dp/hard/libc_nano.a(libc_a-fflush.o)
                0x0801ef0c                __sflush_r
 .text._fflush_r
                0x0801f014       0x50 /opt/st/stm32cubeide_1.18.0/plugins/com.st.stm32cube.ide.mcu.externaltools.gnu-tools-for-stm32.13.3.rel1.linux64_1.0.0.202410170706/tools/bin/../lib/gcc/arm-none-eabi/13.3.1/../../../../arm-none-eabi/lib/thumb/v7e-m+dp/hard/libc_nano.a(libc_a-fflush.o)
                0x0801f014                _fflush_r
 .text._putc_r  0x0801f064       0x68 /opt/st/stm32cubeide_1.18.0/plugins/com.st.stm32cube.ide.mcu.externaltools.gnu-tools-for-stm32.13.3.rel1.linux64_1.0.0.202410170706/tools/bin/../lib/gcc/arm-none-eabi/13.3.1/../../../../arm-none-eabi/lib/thumb/v7e-m+dp/hard/libc_nano.a(libc_a-putc.o)
                0x0801f064                _putc_r
 .text.__swbuf_r
                0x0801f0cc       0x7c /opt/st/stm32cubeide_1.18.0/plugins/com.st.stm32cube.ide.mcu.externaltools.gnu-tools-for-stm32.13.3.rel1.linux64_1.0.0.202410170706/tools/bin/../lib/gcc/arm-none-eabi/13.3.1/../../../../arm-none-eabi/lib/thumb/v7e-m+dp/hard/libc_nano.a(libc_a-wbuf.o)
                0x0801f0cc                __swbuf_r
 .text.__swsetup_r
                0x0801f148       0xac /opt/st/stm32cubeide_1.18.0/plugins/com.st.stm32cube.ide.mcu.externaltools.gnu-tools-for-stm32.13.3.rel1.linux64_1.0.0.202410170706/tools/bin/../lib/gcc/arm-none-eabi/13.3.1/../../../../arm-none-eabi/lib/thumb/v7e-m+dp/hard/libc_nano.a(libc_a-wsetup.o)
                0x0801f148                __swsetup_r
 .text.__swhatbuf_r
                0x0801f1f4       0x4c /opt/st/stm32cubeide_1.18.0/plugins/com.st.stm32cube.ide.mcu.externaltools.gnu-tools-for-stm32.13.3.rel1.linux64_1.0.0.202410170706/tools/bin/../lib/gcc/arm-none-eabi/13.3.1/../../../../arm-none-eabi/lib/thumb/v7e-m+dp/hard/libc_nano.a(libc_a-makebuf.o)
                0x0801f1f4                __swhatbuf_r
 .text.__smakebuf_r
                0x0801f240       0x78 /opt/st/stm32cubeide_1.18.0/plugins/com.st.stm32cube.ide.mcu.externaltools.gnu-tools-for-stm32.13.3.rel1.linux64_1.0.0.202410170706/tools/bin/../lib/gcc/arm-none-eabi/13.3.1/../../../../arm-none-eabi/lib/thumb/v7e-m+dp/hard/libc_nano.a(libc_a-makebuf.o)
                0x0801f240                __smakebuf_r
 .text._fstat_r
                0x0801f2b8       0x24 /opt/st/stm32cubeide_1.18.0/plugins/com.st.stm32cube.ide.mcu.externaltools.gnu-tools-for-stm32.13.3.rel1.linux64_1.0.0.202410170706/tools/bin/../lib/gcc/arm-none-eabi/13.3.1/../../../../arm-none-eabi/lib/thumb/v7e-m+dp/hard/libc_nano.a(libc_a-fstatr.o)
                0x0801f2b8                _fstat_r
 .text._isatty_r
                0x0801f2dc       0x20 /opt/st/stm32cubeide_1.18.0/plugins/com.st.stm32cube.ide.mcu.externaltools.gnu-tools-for-stm32.13.3.rel1.linux64_1.0.0.202410170706/tools/bin/../lib/gcc/arm-none-eabi/13.3.1/../../../../arm-none-eabi/lib/thumb/v7e-m+dp/hard/libc_nano.a(libc_a-isattyr.o)
                0x0801f2dc                _isatty_r
 *(.glue_7)
 .glue_7        0x0801f2fc        0x0 linker stubs
 *(.glue_7t)
 .glue_7t       0x0801f2fc        0x0 linker stubs
 *(.eh_frame)
 .eh_frame      0x0801f2fc        0x0 /opt/st/stm32cubeide_1.18.0/plugins/com.st.stm32cube.ide.mcu.externaltools.gnu-tools-for-stm32.13.3.rel1.linux64_1.0.0.202410170706/tools/bin/../lib/gcc/arm-none-eabi/13.3.1/thumb/v7e-m+dp/hard/crtbegin.o
 *(.init)
 .init          0x0801f2fc        0x4 /opt/st/stm32cubeide_1.18.0/plugins/com.st.stm32cube.ide.mcu.externaltools.gnu-tools-for-stm32.13.3.rel1.linux64_1.0.0.202410170706/tools/bin/../lib/gcc/arm-none-eabi/13.3.1/thumb/v7e-m+dp/hard/crti.o
                0x0801f2fc                _init
 .init          0x0801f300        0x8 /opt/st/stm32cubeide_1.18.0/plugins/com.st.stm32cube.ide.mcu.externaltools.gnu-tools-for-stm32.13.3.rel1.linux64_1.0.0.202410170706/tools/bin/../lib/gcc/arm-none-eabi/13.3.1/thumb/v7e-m+dp/hard/crtn.o
 *(.fini)
 .fini          0x0801f308        0x4 /opt/st/stm32cubeide_1.18.0/plugins/com.st.stm32cube.ide.mcu.externaltools.gnu-tools-for-stm32.13.3.rel1.linux64_1.0.0.202410170706/tools/bin/../lib/gcc/arm-none-eabi/13.3.1/thumb/v7e-m+dp/hard/crti.o
                0x0801f308                _fini
 .fini          0x0801f30c        0x8 /opt/st/stm32cubeide_1.18.0/plugins/com.st.stm32cube.ide.mcu.externaltools.gnu-tools-for-stm32.13.3.rel1.linux64_1.0.0.202410170706/tools/bin/../lib/gcc/arm-none-eabi/13.3.1/thumb/v7e-m+dp/hard/crtn.o
                0x0801f314                        . = ALIGN (0x4)
                0x0801f314                        _etext = .

.vfp11_veneer   0x0801f314        0x0
 .vfp11_veneer  0x0801f314        0x0 linker stubs

.v4_bx          0x0801f314        0x0
 .v4_bx         0x0801f314        0x0 linker stubs

.iplt           0x0801f314        0x0
 .iplt          0x0801f314        0x0 /opt/st/stm32cubeide_1.18.0/plugins/com.st.stm32cube.ide.mcu.externaltools.gnu-tools-for-stm32.13.3.rel1.linux64_1.0.0.202410170706/tools/bin/../lib/gcc/arm-none-eabi/13.3.1/thumb/v7e-m+dp/hard/crtbegin.o

.rodata         0x0801f318    0x1008c
                0x0801f318                        . = ALIGN (0x4)
 *(.rodata)
 .rodata        0x0801f318     0x2a32 ./mongoose/mongoose.o
 *fill*         0x08021d4a        0x2 
 .rodata        0x08021d4c       0x18 ./mongoose/mongoose_fs.o
 .rodata        0x08021d64      0x61f ./mongoose/mongoose_impl.o
 *(.rodata*)
 *fill*         0x08022383        0x1 
 .rodata.AHBPrescTable
                0x08022384       0x10 ./Core/Src/system_stm32f7xx.o
                0x08022384                AHBPrescTable
 .rodata.APBPrescTable
                0x08022394        0x8 ./Core/Src/system_stm32f7xx.o
                0x08022394                APBPrescTable
 .rodata.broadcast
                0x0802239c        0x6 ./mongoose/mongoose.o
 *fill*         0x080223a2        0x2 
 .rodata.mg_sha256_k
                0x080223a4      0x100 ./mongoose/mongoose.o
 *fill*         0x080224a4        0x4 
 .rodata.mg_sha256_k2
                0x080224a8      0x280 ./mongoose/mongoose.o
 .rodata.curve_secp256r1
                0x08022728       0xb4 ./mongoose/mongoose.o
 .rodata.X25519_BASE_POINT
                0x080227dc       0x20 ./mongoose/mongoose.o
                0x080227dc                X25519_BASE_POINT
 .rodata.a24    0x080227fc        0x4 ./mongoose/mongoose.o
 .rodata.__func__.67
                0x08022800        0x9 ./mongoose/mongoose.o
 *fill*         0x08022809        0x3 
 .rodata.__func__.62
                0x0802280c        0xd ./mongoose/mongoose.o
 *fill*         0x08022819        0x3 
 .rodata.__func__.60
                0x0802281c        0x8 ./mongoose/mongoose.o
 .rodata.__func__.59
                0x08022824       0x10 ./mongoose/mongoose.o
 .rodata.__func__.56
                0x08022834        0xe ./mongoose/mongoose.o
 *fill*         0x08022842        0x2 
 .rodata.__func__.54
                0x08022844        0xa ./mongoose/mongoose.o
 *fill*         0x0802284e        0x2 
 .rodata.__func__.50
                0x08022850        0xc ./mongoose/mongoose.o
 .rodata.__func__.49
                0x0802285c        0x9 ./mongoose/mongoose.o
 *fill*         0x08022865        0x3 
 .rodata.__func__.48
                0x08022868        0xe ./mongoose/mongoose.o
 *fill*         0x08022876        0x2 
 .rodata.__func__.47
                0x08022878       0x14 ./mongoose/mongoose.o
 .rodata.__func__.46
                0x0802288c       0x13 ./mongoose/mongoose.o
 *fill*         0x0802289f        0x1 
 .rodata.__func__.45
                0x080228a0       0x11 ./mongoose/mongoose.o
 *fill*         0x080228b1        0x3 
 .rodata.__func__.44
                0x080228b4        0x7 ./mongoose/mongoose.o
 *fill*         0x080228bb        0x1 
 .rodata.__func__.43
                0x080228bc        0xf ./mongoose/mongoose.o
 *fill*         0x080228cb        0x1 
 .rodata.__func__.42
                0x080228cc        0x7 ./mongoose/mongoose.o
 *fill*         0x080228d3        0x1 
 .rodata.__func__.41
                0x080228d4        0xc ./mongoose/mongoose.o
 .rodata.__func__.40
                0x080228e0        0x9 ./mongoose/mongoose.o
 *fill*         0x080228e9        0x3 
 .rodata.__func__.39
                0x080228ec        0xa ./mongoose/mongoose.o
 *fill*         0x080228f6        0x2 
 .rodata.__func__.38
                0x080228f8        0x6 ./mongoose/mongoose.o
 *fill*         0x080228fe        0x2 
 .rodata.__func__.37
                0x08022900        0xc ./mongoose/mongoose.o
 .rodata.__func__.36
                0x0802290c        0xe ./mongoose/mongoose.o
 *fill*         0x0802291a        0x2 
 .rodata.__func__.35
                0x0802291c        0xe ./mongoose/mongoose.o
 *fill*         0x0802292a        0x2 
 .rodata.__func__.33
                0x0802292c        0xc ./mongoose/mongoose.o
 .rodata.__func__.32
                0x08022938        0x8 ./mongoose/mongoose.o
 .rodata.__func__.27
                0x08022940       0x12 ./mongoose/mongoose.o
 *fill*         0x08022952        0x2 
 .rodata.__func__.26