../mongoose/mongoose_impl.c:129:27:get_api_handler	32	static
../mongoose/mongoose_impl.c:146:27:find_handler	24	static
../mongoose/mongoose_impl.c:151:6:mg_json_get_str2	48	static
../mongoose/mongoose_impl.c:159:6:mongoose_set_http_handlers	24	static
../mongoose/mongoose_impl.c:266:13:close_uploaded_file	16	static
../mongoose/mongoose_impl.c:275:13:upload_handler	64	static
../mongoose/mongoose_impl.c:313:13:prep_upload	168	static
../mongoose/mongoose_impl.c:341:13:handle_uploads	48	static
../mongoose/mongoose_impl.c:358:13:handle_action	40	static
../mongoose/mongoose_impl.c:375:8:print_struct	64	static
../mongoose/mongoose_impl.c:399:13:handle_object	168	static
../mongoose/mongoose_impl.c:436:15:print_array	112	static
../mongoose/mongoose_impl.c:451:13:handle_array	176	static
../mongoose/mongoose_impl.c:463:8:print_timeseries	64	static
../mongoose/mongoose_impl.c:475:13:handle_api_call	40	static
../mongoose/mongoose_impl.c:493:6:glue_update_state	4	static
../mongoose/mongoose_impl.c:498:13:http_ev_handler	184	static
../mongoose/mongoose_impl.c:627:6:mongoose_add_ws_handler	16	static
../mongoose/mongoose_impl.c:835:6:mongoose_init	8	static
../mongoose/mongoose_impl.c:879:6:mongoose_poll	8	static
