../mongoose/mongoose.c:27:12:mg_base64_encode_single	16	static
../mongoose/mongoose.c:39:12:mg_base64_decode_single	16	static
../mongoose/mongoose.c:57:8:mg_base64_update	32	static
../mongoose/mongoose.c:73:8:mg_base64_final	24	static
../mongoose/mongoose.c:84:8:mg_base64_encode	32	static
../mongoose/mongoose.c:93:8:mg_base64_decode	48	static
../mongoose/mongoose.c:140:13:mg_dns_free	24	static
../mongoose/mongoose.c:145:6:mg_resolve_cancel	32	static
../mongoose/mongoose.c:154:15:mg_dns_parse_name_depth	56	static
../mongoose/mongoose.c:191:15:mg_dns_parse_name	40	static
../mongoose/mongoose.c:196:8:mg_dns_parse_rr	40	static
../mongoose/mongoose.c:220:6:mg_dns_parse	64	static
../mongoose/mongoose.c:262:13:dns_cb	344	static
../mongoose/mongoose.c:318:13:mg_dns_send	312	static
../mongoose/mongoose.c:345:13:mg_sendnsreq	56	static
../mongoose/mongoose.c:377:6:mg_resolve	40	static
../mongoose/mongoose.c:399:6:mg_call	24	static
../mongoose/mongoose.c:416:6:mg_error	92	static
../mongoose/mongoose.c:441:6:mg_ota_flash_begin	24	static
../mongoose/mongoose.c:461:6:mg_ota_flash_write	80	dynamic
../mongoose/mongoose.c:482:6:mg_ota_flash_end	40	static
../mongoose/mongoose.c:507:13:is_digit	16	static
../mongoose/mongoose.c:511:12:addexp	32	static
../mongoose/mongoose.c:523:12:xisinf	24	static
../mongoose/mongoose.c:532:12:xisnan	24	static
../mongoose/mongoose.c:542:15:mg_dtoa	136	static
../mongoose/mongoose.c:611:15:mg_lld	64	static
../mongoose/mongoose.c:633:15:scpy	32	static
../mongoose/mongoose.c:640:8:mg_xprintf	24	static
../mongoose/mongoose.c:649:8:mg_vxprintf	176	static
../mongoose/mongoose.c:744:15:mg_fs_open	32	static
../mongoose/mongoose.c:757:6:mg_fs_close	16	static
../mongoose/mongoose.c:764:15:mg_file_read	40	static
../mongoose/mongoose.c:781:6:mg_file_write	144	static
../mongoose/mongoose.c:800:6:mg_file_printf	32	static
../mongoose/mongoose.c:817:13:mg_fs_ls_fn	24	static
../mongoose/mongoose.c:826:6:mg_fs_ls	32	static
../mongoose/mongoose.c:991:15:mg_unpacked	24	static
../mongoose/mongoose.c:997:12:is_dir_prefix	24	static
../mongoose/mongoose.c:1003:12:packed_stat	40	static
../mongoose/mongoose.c:1014:13:packed_list	256	static
../mongoose/mongoose.c:1035:14:packed_open	32	static
../mongoose/mongoose.c:1048:13:packed_close	16	static
../mongoose/mongoose.c:1052:15:packed_read	32	static
../mongoose/mongoose.c:1060:15:packed_write	24	static
../mongoose/mongoose.c:1065:15:packed_seek	24	static
../mongoose/mongoose.c:1072:13:packed_rename	16	static
../mongoose/mongoose.c:1077:13:packed_remove	16	static
../mongoose/mongoose.c:1082:13:packed_mkdir	16	static
../mongoose/mongoose.c:1313:12:p_stat	24	static
../mongoose/mongoose.c:1317:13:p_list	24	static
../mongoose/mongoose.c:1321:14:p_open	16	static
../mongoose/mongoose.c:1325:13:p_close	16	static
../mongoose/mongoose.c:1328:15:p_read	24	static
../mongoose/mongoose.c:1332:15:p_write	24	static
../mongoose/mongoose.c:1336:15:p_seek	16	static
../mongoose/mongoose.c:1340:13:p_rename	16	static
../mongoose/mongoose.c:1344:13:p_remove	16	static
../mongoose/mongoose.c:1348:13:p_mkdir	16	static
../mongoose/mongoose.c:1373:12:mg_ncasecmp	40	static
../mongoose/mongoose.c:1385:6:mg_to_size_t	48	static
../mongoose/mongoose.c:1419:8:mg_http_next_multipart	112	static
../mongoose/mongoose.c:1459:6:mg_http_bauth	56	static
../mongoose/mongoose.c:1485:15:mg_http_var	64	static
../mongoose/mongoose.c:1497:5:mg_http_get_var	56	static
../mongoose/mongoose.c:1519:13:isx	16	static
../mongoose/mongoose.c:1524:5:mg_url_decode	48	static
../mongoose/mongoose.c:1546:13:isok	16	static
../mongoose/mongoose.c:1550:5:mg_http_get_request_len	24	static
../mongoose/mongoose.c:1560:16:mg_http_get_header	40	static
../mongoose/mongoose.c:1570:13:vcb	16	static
../mongoose/mongoose.c:1575:15:clen	32	static
../mongoose/mongoose.c:1587:20:skiptorn	24	static
../mongoose/mongoose.c:1596:13:mg_http_parse_headers	48	static
../mongoose/mongoose.c:1620:5:mg_http_parse	80	static
../mongoose/mongoose.c:1705:13:mg_http_vprintf_chunk	32	static
../mongoose/mongoose.c:1718:6:mg_http_printf_chunk	28	static
../mongoose/mongoose.c:1725:6:mg_http_write_chunk	24	static
../mongoose/mongoose.c:1733:20:mg_http_status_code_str	16	static
../mongoose/mongoose.c:1803:6:mg_http_reply	52	static
../mongoose/mongoose.c:1822:13:restore_http_cb	16	static
../mongoose/mongoose.c:1830:7:mg_http_etag	48	static
../mongoose/mongoose.c:1835:13:static_cb	48	static
../mongoose/mongoose.c:1895:22:guess_content_type	88	static
../mongoose/mongoose.c:1919:12:getrange	56	static
../mongoose/mongoose.c:1935:6:mg_http_serve_file	496	static
../mongoose/mongoose.c:2144:12:uri_to_path2	72	static
../mongoose/mongoose.c:2204:12:uri_to_path	120	static
../mongoose/mongoose.c:2219:6:mg_http_serve_dir	160	static
../mongoose/mongoose.c:2239:13:mg_is_url_safe	16	static
../mongoose/mongoose.c:2244:8:mg_url_encode	48	static
../mongoose/mongoose.c:2261:6:mg_http_creds	328	static
../mongoose/mongoose.c:2283:22:stripquotes	24	static
../mongoose/mongoose.c:2289:15:mg_http_get_header_var	56	static
../mongoose/mongoose.c:2306:6:mg_http_upload	280	static
../mongoose/mongoose.c:2350:5:mg_http_status	16	static
../mongoose/mongoose.c:2354:13:is_hex_digit	16	static
../mongoose/mongoose.c:2359:12:skip_chunk	48	static
../mongoose/mongoose.c:2375:13:http_cb	656	static
../mongoose/mongoose.c:2482:13:mg_hfn	56	static
../mongoose/mongoose.c:2501:6:mg_hello	88	static
../mongoose/mongoose.c:2510:23:mg_http_connect	32	static
../mongoose/mongoose.c:2517:23:mg_http_listen	32	static
../mongoose/mongoose.c:2532:15:roundup	16	static
../mongoose/mongoose.c:2536:5:mg_iobuf_resize	56	static
../mongoose/mongoose.c:2563:5:mg_iobuf_init	24	static
../mongoose/mongoose.c:2570:8:mg_iobuf_add	32	static
../mongoose/mongoose.c:2582:8:mg_iobuf_del	24	static
../mongoose/mongoose.c:2591:6:mg_iobuf_free	16	static
../mongoose/mongoose.c:2602:20:escapeseq	16	static
../mongoose/mongoose.c:2606:13:json_esc	32	static
../mongoose/mongoose.c:2614:12:mg_pass_string	24	static
../mongoose/mongoose.c:2628:15:mg_atod	72	static
../mongoose/mongoose.c:2675:8:mg_json_next	64	static
../mongoose/mongoose.c:2723:5:mg_json_get	120	static
../mongoose/mongoose.c:2866:15:mg_json_get_tok	32	static
../mongoose/mongoose.c:2872:6:mg_json_get_num	48	static
../mongoose/mongoose.c:2882:6:mg_json_get_bool	40	static
../mongoose/mongoose.c:2891:6:mg_json_unescape	64	static
../mongoose/mongoose.c:2916:7:mg_json_get_str	48	static
../mongoose/mongoose.c:2930:7:mg_json_get_b64	48	static
../mongoose/mongoose.c:2942:7:mg_json_get_hex	64	static
../mongoose/mongoose.c:2958:6:mg_json_get_long	48	static
../mongoose/mongoose.c:2977:6:mg_log_set_fn	16	static
../mongoose/mongoose.c:2982:13:logc	16	static
../mongoose/mongoose.c:2986:13:logs	24	static
../mongoose/mongoose.c:2994:6:mg_log_prefix	112	static
../mongoose/mongoose.c:3006:6:mg_log	16	static
../mongoose/mongoose.c:3015:22:nibble	16	static
../mongoose/mongoose.c:3020:6:mg_hexdump	48	static
../mongoose/mongoose.c:3063:13:mg_byte_reverse	24	static
../mongoose/mongoose.c:3088:6:mg_md5_init	16	static
../mongoose/mongoose.c:3098:13:mg_md5_transform	32	static
../mongoose/mongoose.c:3180:6:mg_md5_update	32	static
../mongoose/mongoose.c:3215:6:mg_md5_final	32	static
../mongoose/mongoose.c:3297:6:mg_mqtt_send_header	40	static
../mongoose/mongoose.c:3310:13:mg_send_u16	16	static
../mongoose/mongoose.c:3314:13:mg_send_u32	16	static
../mongoose/mongoose.c:3318:16:varint_size	24	static
../mongoose/mongoose.c:3327:15:encode_varint	24	static
../mongoose/mongoose.c:3340:15:decode_varint	40	static
../mongoose/mongoose.c:3355:12:mqtt_prop_type_by_id	24	static
../mongoose/mongoose.c:3365:15:get_properties_length	24	static
../mongoose/mongoose.c:3402:15:get_props_size	24	static
../mongoose/mongoose.c:3408:13:mg_send_mqtt_properties	48	static
../mongoose/mongoose.c:3450:8:mg_mqtt_next_prop	40	static
../mongoose/mongoose.c:3504:6:mg_mqtt_login	64	static
../mongoose/mongoose.c:3569:10:mg_mqtt_pub	48	static
../mongoose/mongoose.c:3598:6:mg_mqtt_sub	32	static
../mongoose/mongoose.c:3613:5:mg_mqtt_parse	48	static
../mongoose/mongoose.c:3684:13:mqtt_cb	120	static
../mongoose/mongoose.c:3756:6:mg_mqtt_ping	16	static
../mongoose/mongoose.c:3760:6:mg_mqtt_pong	16	static
../mongoose/mongoose.c:3764:6:mg_mqtt_disconnect	24	static
../mongoose/mongoose.c:3777:23:mg_mqtt_connect	96	static
../mongoose/mongoose.c:3790:23:mg_mqtt_listen	32	static
../mongoose/mongoose.c:3809:8:mg_vprintf	32	static
../mongoose/mongoose.c:3815:8:mg_printf	28	static
../mongoose/mongoose.c:3824:13:mg_atonl	40	static
../mongoose/mongoose.c:3832:13:mg_atone	24	static
../mongoose/mongoose.c:3839:13:mg_aton4	40	static
../mongoose/mongoose.c:3860:13:mg_v4mapped	40	static
../mongoose/mongoose.c:3878:13:mg_aton6	72	static
../mongoose/mongoose.c:3920:6:mg_aton	24	static
../mongoose/mongoose.c:3926:23:mg_alloc_conn	24	static
../mongoose/mongoose.c:3938:6:mg_close_conn	24	static
../mongoose/mongoose.c:3958:23:mg_connect	32	static
../mongoose/mongoose.c:3979:23:mg_listen	32	static
../mongoose/mongoose.c:4002:23:mg_wrapfd	32	static
../mongoose/mongoose.c:4016:18:mg_timer_add	48	static
../mongoose/mongoose.c:4026:6:mg_io_recv	24	static
../mongoose/mongoose.c:4034:6:mg_mgr_free	32	static
../mongoose/mongoose.c:4051:6:mg_mgr_init	16	static
../mongoose/mongoose.c:4224:13:mg_tcpip_call	24	static
../mongoose/mongoose.c:4230:13:mkpay	32	static
../mongoose/mongoose.c:4235:17:csumup	32	static
../mongoose/mongoose.c:4242:17:csumfin	16	static
../mongoose/mongoose.c:4247:17:ipcsum	24	static
../mongoose/mongoose.c:4252:13:settmout	56	static
../mongoose/mongoose.c:4265:15:ether_output	24	static
../mongoose/mongoose.c:4271:6:mg_tcpip_arp_request	32	static
../mongoose/mongoose.c:4286:13:onstatechange	16	static
../mongoose/mongoose.c:4303:19:tx_ip	32	static
../mongoose/mongoose.c:4323:13:tx_udp	48	static
../mongoose/mongoose.c:4345:13:tx_dhcp	336	static
../mongoose/mongoose.c:4362:13:tx_dhcp_request_sel	96	static
../mongoose/mongoose.c:4388:13:tx_dhcp_request_re	48	static
../mongoose/mongoose.c:4398:13:tx_dhcp_discover	40	static
../mongoose/mongoose.c:4408:30:getpeer	32	static
../mongoose/mongoose.c:4425:13:rx_arp	48	static
../mongoose/mongoose.c:4467:13:rx_icmp	48	static
../mongoose/mongoose.c:4483:13:rx_dhcp_client	96	static
../mongoose/mongoose.c:4544:13:rx_dhcp_server	376	static
../mongoose/mongoose.c:4583:13:rx_udp	24	static
../mongoose/mongoose.c:4605:15:tx_tcp	88	static
../mongoose/mongoose.c:4645:15:tx_tcp_pkt	72	static
../mongoose/mongoose.c:4654:30:accept_conn	32	static
../mongoose/mongoose.c:4681:15:trim_len	48	static
../mongoose/mongoose.c:4708:6:mg_io_send	80	static
../mongoose/mongoose.c:4731:13:handle_tls_recv	32	static
../mongoose/mongoose.c:4751:13:read_conn	88	static
../mongoose/mongoose.c:4831:13:rx_tcp	48	static
../mongoose/mongoose.c:4881:13:rx_ip	64	static
../mongoose/mongoose.c:4925:13:rx_ip6	16	static
../mongoose/mongoose.c:4941:13:mg_tcpip_rx	88	static
../mongoose/mongoose.c:4986:13:mg_tcpip_poll	104	static
../mongoose/mongoose.c:5102:6:mg_tcpip_qwrite	32	static
../mongoose/mongoose.c:5113:6:mg_tcpip_init	24	static
../mongoose/mongoose.c:5150:6:mg_tcpip_free	16	static
../mongoose/mongoose.c:5155:13:send_syn	64	static
../mongoose/mongoose.c:5164:13:mac_resolved	16	static
../mongoose/mongoose.c:5174:6:mg_connect_resolved	48	static
../mongoose/mongoose.c:5211:6:mg_open_listener	16	static
../mongoose/mongoose.c:5216:13:write_conn	24	static
../mongoose/mongoose.c:5227:13:init_closure	72	static
../mongoose/mongoose.c:5239:13:close_conn	24	static
../mongoose/mongoose.c:5245:13:can_write	16	static
../mongoose/mongoose.c:5250:6:mg_mgr_poll	96	static
../mongoose/mongoose.c:5280:6:mg_send	64	static
../mongoose/mongoose.c:6512:15:flash_size	4	static
../mongoose/mongoose.c:6516:20:is_dualbank	4	static
../mongoose/mongoose.c:6521:21:flash_unlock	4	static
../mongoose/mongoose.c:6533:21:flash_page_start	32	static
../mongoose/mongoose.c:6559:20:flash_sector	40	static
../mongoose/mongoose.c:6588:21:flash_is_err	4	static
../mongoose/mongoose.c:6592:21:flash_wait	4	static
../mongoose/mongoose.c:6596:21:flash_clear_err	8	static
../mongoose/mongoose.c:6601:21:mg_stm32f_erase	40	static
../mongoose/mongoose.c:6633:21:mg_stm32f_swap	4	static
../mongoose/mongoose.c:6642:21:mg_stm32f_write	48	static,ignoring_inline_asm
../mongoose/mongoose.c:6673:14:single_bank_swap	24	static
../mongoose/mongoose.c:6679:6:mg_ota_begin	16	static
../mongoose/mongoose.c:6684:6:mg_ota_write	16	static
../mongoose/mongoose.c:6688:6:mg_ota_end	24	static
../mongoose/mongoose.c:7088:8:mg_queue_vprintf	32	static
../mongoose/mongoose.c:7100:8:mg_queue_printf	28	static
../mongoose/mongoose.c:7109:13:mg_pfn_iobuf_private	24	static
../mongoose/mongoose.c:7120:13:mg_putchar_iobuf_static	16	static
../mongoose/mongoose.c:7124:6:mg_pfn_iobuf	16	static
../mongoose/mongoose.c:7128:8:mg_vsnprintf	48	static
../mongoose/mongoose.c:7135:8:mg_snprintf	24	static
../mongoose/mongoose.c:7144:7:mg_vmprintf	32	static
../mongoose/mongoose.c:7150:7:mg_mprintf	16	static
../mongoose/mongoose.c:7159:6:mg_pfn_stdout	16	static
../mongoose/mongoose.c:7164:15:print_ip4	40	static
../mongoose/mongoose.c:7168:15:print_ip6	80	static
../mongoose/mongoose.c:7175:8:mg_print_ip4	32	static
../mongoose/mongoose.c:7180:8:mg_print_ip6	32	static
../mongoose/mongoose.c:7185:8:mg_print_ip	32	static
../mongoose/mongoose.c:7191:8:mg_print_ip_port	40	static
../mongoose/mongoose.c:7196:8:mg_print_mac	64	static
../mongoose/mongoose.c:7202:13:mg_esc	32	static
../mongoose/mongoose.c:7210:13:mg_escape	16	static
../mongoose/mongoose.c:7214:15:qcpy	40	static
../mongoose/mongoose.c:7228:15:bcpy	48	static
../mongoose/mongoose.c:7245:8:mg_print_hex	40	static
../mongoose/mongoose.c:7256:8:mg_print_base64	32	static
../mongoose/mongoose.c:7262:8:mg_print_esc	32	static
../mongoose/mongoose.c:7298:6:mg_queue_init	24	static
../mongoose/mongoose.c:7304:15:mg_queue_read_len	24	static
../mongoose/mongoose.c:7312:13:mg_queue_write_len	24	static
../mongoose/mongoose.c:7318:8:mg_queue_book	32	static
../mongoose/mongoose.c:7331:8:mg_queue_next	24	static
../mongoose/mongoose.c:7345:6:mg_queue_add	16	static
../mongoose/mongoose.c:7352:6:mg_queue_del	16	static
../mongoose/mongoose.c:7363:6:mg_rpc_add	48	static
../mongoose/mongoose.c:7374:6:mg_rpc_del	24	static
../mongoose/mongoose.c:7387:13:mg_rpc_call	40	static
../mongoose/mongoose.c:7398:6:mg_rpc_process	48	static
../mongoose/mongoose.c:7412:6:mg_rpc_vok	72	static
../mongoose/mongoose.c:7422:6:mg_rpc_ok	28	static
../mongoose/mongoose.c:7429:6:mg_rpc_verr	80	static
../mongoose/mongoose.c:7442:6:mg_rpc_err	24	static
../mongoose/mongoose.c:7449:15:print_methods	56	static
../mongoose/mongoose.c:7460:6:mg_rpc_list	16	static
../mongoose/mongoose.c:7479:17:blk0	16	static
../mongoose/mongoose.c:7516:13:mg_sha1_transform	112	static
../mongoose/mongoose.c:7623:6:mg_sha1_init	16	static
../mongoose/mongoose.c:7632:6:mg_sha1_update	32	static
../mongoose/mongoose.c:7652:6:mg_sha1_final	32	static
../mongoose/mongoose.c:7708:6:mg_sha256_init	16	static
../mongoose/mongoose.c:7721:13:mg_sha256_chunk	320	static
../mongoose/mongoose.c:7765:6:mg_sha256_update	40	static
../mongoose/mongoose.c:7779:6:mg_sha256_final	40	static
../mongoose/mongoose.c:7818:6:mg_sha256	136	static
../mongoose/mongoose.c:7825:6:mg_hmac_sha256	344	static
../mongoose/mongoose.c:7889:13:mg_sha384_transform	1224	static
../mongoose/mongoose.c:7934:6:mg_sha384_init	16	static
../mongoose/mongoose.c:7948:6:mg_sha384_update	48	static
../mongoose/mongoose.c:7962:6:mg_sha384_final	56	static
../mongoose/mongoose.c:8007:6:mg_sha384	240	static
../mongoose/mongoose.c:8028:10:mg_now	16	static
../mongoose/mongoose.c:8032:16:gettimestamp	56	static
../mongoose/mongoose.c:8038:9:mg_sntp_parse	120	static
../mongoose/mongoose.c:8063:13:sntp_cb	56	static
../mongoose/mongoose.c:8085:6:mg_sntp_request	96	static
../mongoose/mongoose.c:8100:23:mg_sntp_connect	32	static
../mongoose/mongoose.c:8939:6:mg_http_serve_ssi	24	static
../mongoose/mongoose.c:8951:15:mg_str_s	24	static
../mongoose/mongoose.c:8956:15:mg_str_n	32	static
../mongoose/mongoose.c:8961:12:mg_tolc	16	static
../mongoose/mongoose.c:8965:5:mg_casecmp	32	static
../mongoose/mongoose.c:8974:15:mg_strdup	40	static
../mongoose/mongoose.c:8988:5:mg_strcmp	40	static
../mongoose/mongoose.c:9002:5:mg_strcasecmp	48	static
../mongoose/mongoose.c:9016:6:mg_match	40	static
../mongoose/mongoose.c:9050:6:mg_span	48	static
../mongoose/mongoose.c:9063:6:mg_str_to_num	184	static
../mongoose/mongoose.c:9139:6:mg_timer_init	24	static
../mongoose/mongoose.c:9146:6:mg_timer_free	16	static
../mongoose/mongoose.c:9152:6:mg_timer_expired	56	static
../mongoose/mongoose.c:9160:6:mg_timer_poll	56	static
../mongoose/mongoose.c:9488:6:aes_init_keygen_tables	2072	static
../mongoose/mongoose.c:9560:12:aes_set_encryption_key	32	static
../mongoose/mongoose.c:9638:12:aes_set_decryption_key	328	static
../mongoose/mongoose.c:9675:12:aes_setkey	24	static
../mongoose/mongoose.c:9721:12:aes_cipher	64	static
../mongoose/mongoose.c:9917:5:mg_gcm_initialize	8	static
../mongoose/mongoose.c:9931:13:gcm_mult	128	static
../mongoose/mongoose.c:9977:12:gcm_setkey	192	static
../mongoose/mongoose.c:10050:5:gcm_start	64	static
../mongoose/mongoose.c:10118:5:gcm_update	72	static
../mongoose/mongoose.c:10182:5:gcm_finish	64	static
../mongoose/mongoose.c:10225:5:gcm_crypt_and_tag	32	static
../mongoose/mongoose.c:10257:6:gcm_zero_ctx	16	static
../mongoose/mongoose.c:10269:5:mg_aes_gcm_encrypt	688	static
../mongoose/mongoose.c:10288:5:mg_aes_gcm_decrypt	696	static
../mongoose/mongoose.c:10448:13:mg_tls_hexdump	32	static
../mongoose/mongoose.c:10459:12:mg_der_parse	40	static
../mongoose/mongoose.c:10479:12:mg_der_next	24	static
../mongoose/mongoose.c:10488:12:mg_der_find_oid	64	static
../mongoose/mongoose.c:10520:12:mg_der_to_tlv	32	static
../mongoose/mongoose.c:10542:13:mg_tls_got_record	16	static
../mongoose/mongoose.c:10549:13:mg_tls_drop_record	24	static
../mongoose/mongoose.c:10557:13:mg_tls_drop_message	32	static
../mongoose/mongoose.c:10576:13:mg_tls_derive_secret	336	static
../mongoose/mongoose.c:10594:13:mg_tls_generate_handshake_keys	312	static
../mongoose/mongoose.c:10660:13:mg_tls_generate_application_keys	312	static
../mongoose/mongoose.c:10711:13:mg_tls_encrypt	112	static
../mongoose/mongoose.c:10772:12:mg_tls_recv_record	80	static
../mongoose/mongoose.c:10844:13:mg_tls_calc_cert_verify_hash	360	static
../mongoose/mongoose.c:10868:12:mg_tls_server_recv_hello	56	static
../mongoose/mongoose.c:10937:13:mg_tls_server_send_hello	224	static
../mongoose/mongoose.c:10986:13:mg_tls_server_send_ext	32	static
../mongoose/mongoose.c:10994:13:mg_tls_server_send_cert	40	static
../mongoose/mongoose.c:11031:13:init_SHA256	24	static
../mongoose/mongoose.c:11036:13:update_SHA256	32	static
../mongoose/mongoose.c:11041:13:finish_SHA256	24	static
../mongoose/mongoose.c:11047:13:mg_tls_send_cert_verify	496	static
../mongoose/mongoose.c:11084:13:mg_tls_server_send_finish	216	static
../mongoose/mongoose.c:11100:12:mg_tls_server_recv_finish	136	static
../mongoose/mongoose.c:11122:13:mg_tls_client_send_hello	296	static
../mongoose/mongoose.c:11225:12:mg_tls_client_recv_hello	48	static
../mongoose/mongoose.c:11287:12:mg_tls_client_recv_ext	24	static
../mongoose/mongoose.c:11311:13:mg_der_debug_cert_name	120	static
../mongoose/mongoose.c:11327:12:mg_tls_parse_cert_der	200	static
../mongoose/mongoose.c:11463:12:mg_tls_verify_cert_san	88	static
../mongoose/mongoose.c:11486:12:mg_tls_verify_cert_signature	384	static
../mongoose/mongoose.c:11534:12:mg_tls_client_recv_cert	792	static
../mongoose/mongoose.c:11653:12:mg_tls_client_recv_cert_verify	640	static
../mongoose/mongoose.c:11754:12:mg_tls_client_recv_finish	24	static
../mongoose/mongoose.c:11769:13:mg_tls_client_send_finish	216	static
../mongoose/mongoose.c:11783:13:mg_tls_client_handshake	408	static
../mongoose/mongoose.c:11845:13:mg_tls_server_handshake	24	static
../mongoose/mongoose.c:11874:6:mg_tls_handshake	16	static
../mongoose/mongoose.c:11882:12:mg_parse_pem	120	static
../mongoose/mongoose.c:11915:6:mg_tls_init	72	static
../mongoose/mongoose.c:11990:6:mg_tls_free	24	static
../mongoose/mongoose.c:12001:6:mg_tls_send	64	static
../mongoose/mongoose.c:12022:6:mg_tls_recv	40	static
../mongoose/mongoose.c:12050:8:mg_tls_pending	24	static
../mongoose/mongoose.c:12055:6:mg_tls_ctx_init	16	static
../mongoose/mongoose.c:12059:6:mg_tls_ctx_free	16	static
../mongoose/mongoose.c:12169:13:initialize_state	24	static
../mongoose/mongoose.c:12221:13:core_block	88	static
../mongoose/mongoose.c:12269:13:xor_block	40	static
../mongoose/mongoose.c:12296:13:chacha20_xor_stream	176	static
../mongoose/mongoose.c:12334:13:rfc8439_keygen	152	static
../mongoose/mongoose.c:12774:22:U8TO32	16	static
../mongoose/mongoose.c:12783:13:U32TO8	16	static
../mongoose/mongoose.c:12790:13:poly1305_init	24	static
../mongoose/mongoose.c:12817:13:poly1305_blocks	960	static
../mongoose/mongoose.c:12894:31:poly1305_finish	200	static
../mongoose/mongoose.c:13276:13:poly1305_update	40	static
../mongoose/mongoose.c:13316:32:pad_if_needed	24	static
../mongoose/mongoose.c:13327:32:write_64bit_int	32	static
../mongoose/mongoose.c:13341:32:poly1305_calculate_mac	216	static
../mongoose/mongoose.c:13380:27:mg_chacha20_poly1305_encrypt	48	static
../mongoose/mongoose.c:13395:27:mg_chacha20_poly1305_decrypt	40	static
../mongoose/mongoose.c:14282:21:bi_initialize	16	static
../mongoose/mongoose.c:14342:21:bi_copy	16	static
../mongoose/mongoose.c:14354:18:bi_permanent	16	static
../mongoose/mongoose.c:14370:18:bi_depermanent	16	static
../mongoose/mongoose.c:14389:18:bi_free	16	static
../mongoose/mongoose.c:14419:21:int_to_bi	24	static
../mongoose/mongoose.c:14430:21:bi_clone	24	static
../mongoose/mongoose.c:14444:21:bi_add	56	static
../mongoose/mongoose.c:14481:21:bi_subtract	56	static
../mongoose/mongoose.c:14514:16:bi_int_multiply	112	static
../mongoose/mongoose.c:14548:21:bi_divide	160	static
../mongoose/mongoose.c:14656:16:bi_int_divide	72	static
../mongoose/mongoose.c:14760:21:bi_import	40	static
../mongoose/mongoose.c:14837:18:bi_export	48	static
../mongoose/mongoose.c:14872:18:bi_set_mod	40	static
../mongoose/mongoose.c:14935:16:regular_multiply	128	static
../mongoose/mongoose.c:15038:21:bi_multiply	32	static
../mongoose/mongoose.c:15127:17:bi_compare	32	static
../mongoose/mongoose.c:15163:13:more_comps	24	static
../mongoose/mongoose.c:15184:16:alloc	24	static
../mongoose/mongoose.c:15219:12:find_max_exp_index	32	static
../mongoose/mongoose.c:15241:12:exp_bit_is_one	32	static
../mongoose/mongoose.c:15278:16:trim	16	static
../mongoose/mongoose.c:15419:21:bi_mod_power	56	static
../mongoose/mongoose.c:15536:5:mg_rsa_mod_pow	48	static
../mongoose/mongoose.c:15774:6:mg_uecc_set_rng	16	static
../mongoose/mongoose.c:15778:22:mg_uecc_get_rng	4	static
../mongoose/mongoose.c:15782:5:mg_uecc_curve_private_key_size	16	static
../mongoose/mongoose.c:15786:5:mg_uecc_curve_public_key_size	16	static
../mongoose/mongoose.c:15791:22:mg_uecc_vli_clear	24	static
../mongoose/mongoose.c:15802:32:mg_uecc_vli_isZero	24	static
../mongoose/mongoose.c:15813:32:mg_uecc_vli_testBit	16	static
../mongoose/mongoose.c:15820:20:vli_numDigits	24	static
../mongoose/mongoose.c:15832:28:mg_uecc_vli_numBits	32	static
../mongoose/mongoose.c:15853:22:mg_uecc_vli_set	32	static
../mongoose/mongoose.c:15864:20:mg_uecc_vli_cmp_unsafe	32	static
../mongoose/mongoose.c:15880:32:mg_uecc_vli_equal	32	static
../mongoose/mongoose.c:15897:29:mg_uecc_vli_cmp	64	static
../mongoose/mongoose.c:15908:22:mg_uecc_vli_rshift1	32	static
../mongoose/mongoose.c:15924:32:mg_uecc_vli_add	40	static
../mongoose/mongoose.c:15943:32:mg_uecc_vli_sub	40	static
../mongoose/mongoose.c:15963:13:muladd	96	static
../mongoose/mongoose.c:16002:22:mg_uecc_vli_mult	56	static
../mongoose/mongoose.c:16123:22:mg_uecc_vli_modAdd	32	static
../mongoose/mongoose.c:16139:22:mg_uecc_vli_modSub	32	static
../mongoose/mongoose.c:16154:22:mg_uecc_vli_mmod	192	static
../mongoose/mongoose.c:16200:22:mg_uecc_vli_modMult	88	static
../mongoose/mongoose.c:16210:22:mg_uecc_vli_modMult_fast	88	static
../mongoose/mongoose.c:16260:22:mg_uecc_vli_modSquare_fast	24	static
../mongoose/mongoose.c:16269:13:vli_modInv_update	32	static
../mongoose/mongoose.c:16283:22:mg_uecc_vli_modInv	160	static
../mongoose/mongoose.c:16380:13:double_jacobian_default	104	static
../mongoose/mongoose.c:16429:13:x_side_default	72	static
../mongoose/mongoose.c:16446:13:mod_sqrt_default	88	static
../mongoose/mongoose.c:17211:15:mg_uecc_secp256r1	4	static
../mongoose/mongoose.c:17465:13:vli_mmod_fast_secp256r1	56	static
../mongoose/mongoose.c:17861:13:apply_z	56	static
../mongoose/mongoose.c:17872:13:XYcZ_initial_double	72	static
../mongoose/mongoose.c:17897:13:XYcZ_add	72	static
../mongoose/mongoose.c:17925:13:XYcZ_addC	144	static
../mongoose/mongoose.c:17965:13:EccPoint_mult	208	static
../mongoose/mongoose.c:18009:23:regularize_k	32	static
../mongoose/mongoose.c:18024:21:mg_uecc_generate_random_int	40	static
../mongoose/mongoose.c:18050:23:EccPoint_compute_public_key	112	static
../mongoose/mongoose.c:18098:22:mg_uecc_vli_nativeToBytes	32	static
../mongoose/mongoose.c:18108:22:mg_uecc_vli_bytesToNative	32	static
../mongoose/mongoose.c:18124:5:mg_uecc_make_key	128	static
../mongoose/mongoose.c:18155:5:mg_uecc_shared_secret	192	static
../mongoose/mongoose.c:18202:6:mg_uecc_compress	32	static
../mongoose/mongoose.c:18215:6:mg_uecc_decompress	96	static
../mongoose/mongoose.c:18242:21:mg_uecc_valid_point	88	static
../mongoose/mongoose.c:18266:5:mg_uecc_valid_public_key	80	static
../mongoose/mongoose.c:18281:5:mg_uecc_compute_public_key	120	static
../mongoose/mongoose.c:18321:13:bits2int	48	static
../mongoose/mongoose.c:18358:12:mg_uecc_sign_with_k_internal	192	static
../mongoose/mongoose.c:18455:5:mg_uecc_sign	72	static
../mongoose/mongoose.c:18476:13:HMAC_init	24	static
../mongoose/mongoose.c:18487:13:HMAC_update	24	static
../mongoose/mongoose.c:18492:13:HMAC_finish	32	static
../mongoose/mongoose.c:18508:13:update_V	24	static
../mongoose/mongoose.c:18523:5:mg_uecc_sign_deterministic	96	static
../mongoose/mongoose.c:18596:19:smax	16	static
../mongoose/mongoose.c:18600:5:mg_uecc_verify	520	static
../mongoose/mongoose.c:18808:15:umaal	88	static
../mongoose/mongoose.c:18815:15:adc	72	static
../mongoose/mongoose.c:18821:15:adc0	40	static
../mongoose/mongoose.c:18831:13:propagate	32	static
../mongoose/mongoose.c:18843:13:add	40	static
../mongoose/mongoose.c:18852:13:sub	72	static
../mongoose/mongoose.c:18865:13:mul	120	static
../mongoose/mongoose.c:18888:13:sqr	16	static
../mongoose/mongoose.c:18891:13:mul1	16	static
../mongoose/mongoose.c:18894:13:sqr1	16	static
../mongoose/mongoose.c:18898:13:condswap	32	static
../mongoose/mongoose.c:18911:15:canon	80	static
../mongoose/mongoose.c:18942:13:ladder_part1	40	static
../mongoose/mongoose.c:18959:13:ladder_part2	40	static
../mongoose/mongoose.c:18969:13:x25519_core	88	static
../mongoose/mongoose.c:19003:5:mg_tls_x25519	256	static
../mongoose/mongoose.c:19057:5:mg_url_is_ssl	16	static
../mongoose/mongoose.c:19063:19:urlparse	56	static
../mongoose/mongoose.c:19091:15:mg_url_host	56	static
../mongoose/mongoose.c:19100:13:mg_url_uri	48	static
../mongoose/mongoose.c:19105:16:mg_url_port	48	static
../mongoose/mongoose.c:19117:15:mg_url_user	64	static
../mongoose/mongoose.c:19127:15:mg_url_pass	64	static
../mongoose/mongoose.c:19145:6:mg_bzero	16	static
../mongoose/mongoose.c:19202:7:mg_random_str	24	static
../mongoose/mongoose.c:19215:10:mg_crc32	32	static
../mongoose/mongoose.c:19230:12:isbyte	16	static
../mongoose/mongoose.c:19234:12:parse_net	72	static
../mongoose/mongoose.c:19248:5:mg_check_ip_acl	56	static
../mongoose/mongoose.c:19266:6:mg_path_is_sane	24	static
../mongoose/mongoose.c:19328:10:mg_ntohs	16	static
../mongoose/mongoose.c:19332:10:mg_ntohl	16	static
../mongoose/mongoose.c:19336:6:mg_delayms	48	static
../mongoose/mongoose.c:19349:6:mg_wifi_scan	8	static
../mongoose/mongoose.c:19354:6:mg_wifi_connect	16	static
../mongoose/mongoose.c:19360:6:mg_wifi_disconnect	8	static
../mongoose/mongoose.c:19364:6:mg_wifi_ap_start	24	static
../mongoose/mongoose.c:19371:6:mg_wifi_ap_stop	8	static
../mongoose/mongoose.c:19397:8:mg_ws_vprintf	32	static
../mongoose/mongoose.c:19405:8:mg_ws_printf	24	static
../mongoose/mongoose.c:19414:13:ws_handshake	176	static
../mongoose/mongoose.c:19440:17:be32	16	static
../mongoose/mongoose.c:19445:15:ws_process	56	static
../mongoose/mongoose.c:19475:15:mkhdr	48	static
../mongoose/mongoose.c:19503:13:mg_ws_mask	32	static
../mongoose/mongoose.c:19511:8:mg_ws_send	48	static
../mongoose/mongoose.c:19522:13:mg_ws_client_handshake	560	static
../mongoose/mongoose.c:19545:13:mg_ws_cb	72	static
../mongoose/mongoose.c:19614:23:mg_ws_connect	112	static
../mongoose/mongoose.c:19644:6:mg_ws_upgrade	40	static
../mongoose/mongoose.c:19664:8:mg_ws_wrap	48	static
../mongoose/mongoose.c:21217:20:mg_phy_id_to_str	16	static
../mongoose/mongoose.c:21242:6:mg_phy_init	32	static
../mongoose/mongoose.c:21291:6:mg_phy_up	48	static
../mongoose/mongoose.c:22520:17:eth_read_phy	16	static
../mongoose/mongoose.c:22528:13:eth_write_phy	16	static
../mongoose/mongoose.c:22536:17:get_hclk	80	static
../mongoose/mongoose.c:22570:12:guess_mdc_cr	40	static
../mongoose/mongoose.c:22590:13:mg_tcpip_driver_stm32f_init	48	static
../mongoose/mongoose.c:22644:15:mg_tcpip_driver_stm32f_tx	24	static,ignoring_inline_asm
../mongoose/mongoose.c:22667:13:mg_tcpip_driver_stm32f_poll	40	static
../mongoose/mongoose.c:22694:6:ETH_IRQHandler	16	static
